Archive member included to satisfy reference by file (symbol)

c:/ac6/systemworkbench/plugins/fr.ac6.mcu.externaltools.arm-none.win32_1.17.0.201812190825/tools/compiler/bin/../lib/gcc/arm-none-eabi/7.3.1/thumb/v7e-m/fpv4-sp/hard\libgcc.a(_arm_addsubdf3.o)
                              Src/interface_LMX2486.o (__aeabi_dsub)
c:/ac6/systemworkbench/plugins/fr.ac6.mcu.externaltools.arm-none.win32_1.17.0.201812190825/tools/compiler/bin/../lib/gcc/arm-none-eabi/7.3.1/thumb/v7e-m/fpv4-sp/hard\libgcc.a(_arm_muldivdf3.o)
                              Src/interface_LMX2486.o (__aeabi_dmul)
c:/ac6/systemworkbench/plugins/fr.ac6.mcu.externaltools.arm-none.win32_1.17.0.201812190825/tools/compiler/bin/../lib/gcc/arm-none-eabi/7.3.1/thumb/v7e-m/fpv4-sp/hard\libgcc.a(_arm_cmpdf2.o)
                              Src/interface_LMX2486.o (__aeabi_dcmpeq)
c:/ac6/systemworkbench/plugins/fr.ac6.mcu.externaltools.arm-none.win32_1.17.0.201812190825/tools/compiler/bin/../lib/gcc/arm-none-eabi/7.3.1/thumb/v7e-m/fpv4-sp/hard\libgcc.a(_arm_fixdfsi.o)
                              Src/interface_LMX2486.o (__aeabi_d2iz)
c:/ac6/systemworkbench/plugins/fr.ac6.mcu.externaltools.arm-none.win32_1.17.0.201812190825/tools/compiler/bin/../lib/gcc/arm-none-eabi/7.3.1/thumb/v7e-m/fpv4-sp/hard\libgcc.a(_arm_truncdfsf2.o)
                              Src/main.o (__aeabi_d2f)
c:/ac6/systemworkbench/plugins/fr.ac6.mcu.externaltools.arm-none.win32_1.17.0.201812190825/tools/compiler/bin/../lib/gcc/arm-none-eabi/7.3.1/thumb/v7e-m/fpv4-sp/hard\libgcc.a(_aeabi_ldivmod.o)
                              Src/interface_LMX2486.o (__aeabi_ldivmod)
c:/ac6/systemworkbench/plugins/fr.ac6.mcu.externaltools.arm-none.win32_1.17.0.201812190825/tools/compiler/bin/../lib/gcc/arm-none-eabi/7.3.1/thumb/v7e-m/fpv4-sp/hard\libgcc.a(_aeabi_uldivmod.o)
                              Drivers/STM32L4xx_HAL_Driver/Src/stm32l4xx_hal_uart.o (__aeabi_uldivmod)
c:/ac6/systemworkbench/plugins/fr.ac6.mcu.externaltools.arm-none.win32_1.17.0.201812190825/tools/compiler/bin/../lib/gcc/arm-none-eabi/7.3.1/thumb/v7e-m/fpv4-sp/hard\libgcc.a(_fixdfdi.o)
                              Src/interface_LMX2486.o (__aeabi_d2lz)
c:/ac6/systemworkbench/plugins/fr.ac6.mcu.externaltools.arm-none.win32_1.17.0.201812190825/tools/compiler/bin/../lib/gcc/arm-none-eabi/7.3.1/thumb/v7e-m/fpv4-sp/hard\libgcc.a(_fixunsdfdi.o)
                              c:/ac6/systemworkbench/plugins/fr.ac6.mcu.externaltools.arm-none.win32_1.17.0.201812190825/tools/compiler/bin/../lib/gcc/arm-none-eabi/7.3.1/thumb/v7e-m/fpv4-sp/hard\libgcc.a(_fixdfdi.o) (__aeabi_d2ulz)
c:/ac6/systemworkbench/plugins/fr.ac6.mcu.externaltools.arm-none.win32_1.17.0.201812190825/tools/compiler/bin/../lib/gcc/arm-none-eabi/7.3.1/thumb/v7e-m/fpv4-sp/hard\libgcc.a(_udivmoddi4.o)
                              c:/ac6/systemworkbench/plugins/fr.ac6.mcu.externaltools.arm-none.win32_1.17.0.201812190825/tools/compiler/bin/../lib/gcc/arm-none-eabi/7.3.1/thumb/v7e-m/fpv4-sp/hard\libgcc.a(_aeabi_ldivmod.o) (__udivmoddi4)
c:/ac6/systemworkbench/plugins/fr.ac6.mcu.externaltools.arm-none.win32_1.17.0.201812190825/tools/compiler/bin/../lib/gcc/arm-none-eabi/7.3.1/thumb/v7e-m/fpv4-sp/hard\libgcc.a(_dvmd_tls.o)
                              c:/ac6/systemworkbench/plugins/fr.ac6.mcu.externaltools.arm-none.win32_1.17.0.201812190825/tools/compiler/bin/../lib/gcc/arm-none-eabi/7.3.1/thumb/v7e-m/fpv4-sp/hard\libgcc.a(_aeabi_ldivmod.o) (__aeabi_ldiv0)
c:/ac6/systemworkbench/plugins/fr.ac6.mcu.externaltools.arm-none.win32_1.17.0.201812190825/tools/compiler/bin/../lib/gcc/arm-none-eabi/7.3.1/thumb/v7e-m/fpv4-sp/hard\libgcc.a(_arm_fixunsdfsi.o)
                              c:/ac6/systemworkbench/plugins/fr.ac6.mcu.externaltools.arm-none.win32_1.17.0.201812190825/tools/compiler/bin/../lib/gcc/arm-none-eabi/7.3.1/thumb/v7e-m/fpv4-sp/hard\libgcc.a(_fixunsdfdi.o) (__aeabi_d2uiz)
c:/ac6/systemworkbench/plugins/fr.ac6.mcu.externaltools.arm-none.win32_1.17.0.201812190825/tools/compiler/bin/../lib/gcc/arm-none-eabi/7.3.1/../../../../arm-none-eabi/lib/thumb/v7e-m/fpv4-sp/hard\libc_nano.a(lib_a-errno.o)
                              Src/syscalls.o (__errno)
c:/ac6/systemworkbench/plugins/fr.ac6.mcu.externaltools.arm-none.win32_1.17.0.201812190825/tools/compiler/bin/../lib/gcc/arm-none-eabi/7.3.1/../../../../arm-none-eabi/lib/thumb/v7e-m/fpv4-sp/hard\libc_nano.a(lib_a-exit.o)
                              c:/ac6/systemworkbench/plugins/fr.ac6.mcu.externaltools.arm-none.win32_1.17.0.201812190825/tools/compiler/bin/../lib/gcc/arm-none-eabi/7.3.1/../../../../arm-none-eabi/lib/thumb/v7e-m/fpv4-sp/hard/crt0.o (exit)
c:/ac6/systemworkbench/plugins/fr.ac6.mcu.externaltools.arm-none.win32_1.17.0.201812190825/tools/compiler/bin/../lib/gcc/arm-none-eabi/7.3.1/../../../../arm-none-eabi/lib/thumb/v7e-m/fpv4-sp/hard\libc_nano.a(lib_a-impure.o)
[...]
Memory Configuration

Name             Origin             Length             Attributes
RAM              0x20000000         0x00018000         xrw
RAM2             0x10000000         0x00008000         xrw
FLASH            0x08000000         0x00040000         xr
*default*        0x00000000         0xffffffff

Linker script and memory map

LOAD c:/ac6/systemworkbench/plugins/fr.ac6.mcu.externaltools.arm-none.win32_1.17.0.201812190825/tools/compiler/bin/../lib/gcc/arm-none-eabi/7.3.1/thumb/v7e-m/fpv4-sp/hard/crti.o
LOAD c:/ac6/systemworkbench/plugins/fr.ac6.mcu.externaltools.arm-none.win32_1.17.0.201812190825/tools/compiler/bin/../lib/gcc/arm-none-eabi/7.3.1/thumb/v7e-m/fpv4-sp/hard/crtbegin.o
LOAD c:/ac6/systemworkbench/plugins/fr.ac6.mcu.externaltools.arm-none.win32_1.17.0.201812190825/tools/compiler/bin/../lib/gcc/arm-none-eabi/7.3.1/../../../../arm-none-eabi/lib/thumb/v7e-m/fpv4-sp/hard/crt0.o
LOAD Drivers/STM32L4xx_HAL_Driver/Src/stm32l4xx_hal.o
LOAD Drivers/STM32L4xx_HAL_Driver/Src/stm32l4xx_hal_adc.o
LOAD Drivers/STM32L4xx_HAL_Driver/Src/stm32l4xx_hal_adc_ex.o
LOAD Drivers/STM32L4xx_HAL_Driver/Src/stm32l4xx_hal_cortex.o
LOAD Drivers/STM32L4xx_HAL_Driver/Src/stm32l4xx_hal_dac.o
LOAD Drivers/STM32L4xx_HAL_Driver/Src/stm32l4xx_hal_dac_ex.o
LOAD Drivers/STM32L4xx_HAL_Driver/Src/stm32l4xx_hal_dma.o
LOAD Drivers/STM32L4xx_HAL_Driver/Src/stm32l4xx_hal_dma_ex.o
LOAD Drivers/STM32L4xx_HAL_Driver/Src/stm32l4xx_hal_exti.o
LOAD Drivers/STM32L4xx_HAL_Driver/Src/stm32l4xx_hal_flash.o
LOAD Drivers/STM32L4xx_HAL_Driver/Src/stm32l4xx_hal_flash_ex.o
LOAD Drivers/STM32L4xx_HAL_Driver/Src/stm32l4xx_hal_flash_ramfunc.o
LOAD Drivers/STM32L4xx_HAL_Driver/Src/stm32l4xx_hal_gpio.o
LOAD Drivers/STM32L4xx_HAL_Driver/Src/stm32l4xx_hal_i2c.o
LOAD Drivers/STM32L4xx_HAL_Driver/Src/stm32l4xx_hal_i2c_ex.o
LOAD Drivers/STM32L4xx_HAL_Driver/Src/stm32l4xx_hal_pwr.o
LOAD Drivers/STM32L4xx_HAL_Driver/Src/stm32l4xx_hal_pwr_ex.o
LOAD Drivers/STM32L4xx_HAL_Driver/Src/stm32l4xx_hal_rcc.o
LOAD Drivers/STM32L4xx_HAL_Driver/Src/stm32l4xx_hal_rcc_ex.o
LOAD Drivers/STM32L4xx_HAL_Driver/Src/stm32l4xx_hal_spi.o
LOAD Drivers/STM32L4xx_HAL_Driver/Src/stm32l4xx_hal_spi_ex.o
LOAD Drivers/STM32L4xx_HAL_Driver/Src/stm32l4xx_hal_tim.o
LOAD Drivers/STM32L4xx_HAL_Driver/Src/stm32l4xx_hal_tim_ex.o
LOAD Drivers/STM32L4xx_HAL_Driver/Src/stm32l4xx_hal_uart.o
LOAD Drivers/STM32L4xx_HAL_Driver/Src/stm32l4xx_hal_uart_ex.o
LOAD Src/LSM303D.o
LOAD Src/adc.o
LOAD Src/dac.o
LOAD Src/dma.o
LOAD Src/gpio.o
LOAD Src/hist.o
LOAD Src/i2c.o
LOAD Src/interface_AD5668.o
LOAD Src/interface_AD8400.o
LOAD Src/interface_ADT7410.o
LOAD Src/interface_LMX2486.o
LOAD Src/main.o
LOAD Src/my_FUN.o
LOAD Src/my_FUN_.o
LOAD Src/my_tst_1.o
LOAD Src/pid_DOPLER_FREQ.o
LOAD Src/pid_MICROWAVE.o
LOAD Src/pid_cell.o
LOAD Src/pid_dopler_crnt.o
LOAD Src/pid_dopler_tec.o
LOAD Src/pid_freq.o
LOAD Src/pid_optics_pwr.o
LOAD Src/pid_tec_ctrl.o
LOAD Src/spi.o
LOAD Src/stm32l4xx_hal_msp.o
LOAD Src/stm32l4xx_it.o
LOAD Src/syscalls.o
LOAD Src/system_stm32l4xx.o
LOAD Src/tim.o
LOAD Src/usart.o
LOAD Src/usart_protocol.o
LOAD Src/var.o
LOAD startup/startup_stm32l476xx.o
LOAD c:/ac6/systemworkbench/plugins/fr.ac6.mcu.externaltools.arm-none.win32_1.17.0.201812190825/tools/compiler/bin/../lib/gcc/arm-none-eabi/7.3.1/../../../../arm-none-eabi/lib/thumb/v7e-m/fpv4-sp/hard\libm.a
START GROUP
LOAD c:/ac6/systemworkbench/plugins/fr.ac6.mcu.externaltools.arm-none.win32_1.17.0.201812190825/tools/compiler/bin/../lib/gcc/arm-none-eabi/7.3.1/thumb/v7e-m/fpv4-sp/hard\libgcc.a
LOAD c:/ac6/systemworkbench/plugins/fr.ac6.mcu.externaltools.arm-none.win32_1.17.0.201812190825/tools/compiler/bin/../lib/gcc/arm-none-eabi/7.3.1/../../../../arm-none-eabi/lib/thumb/v7e-m/fpv4-sp/hard\libc_nano.a
END GROUP
START GROUP
LOAD c:/ac6/systemworkbench/plugins/fr.ac6.mcu.externaltools.arm-none.win32_1.17.0.201812190825/tools/compiler/bin/../lib/gcc/arm-none-eabi/7.3.1/thumb/v7e-m/fpv4-sp/hard\libgcc.a
LOAD c:/ac6/systemworkbench/plugins/fr.ac6.mcu.externaltools.arm-none.win32_1.17.0.201812190825/tools/compiler/bin/../lib/gcc/arm-none-eabi/7.3.1/../../../../arm-none-eabi/lib/thumb/v7e-m/fpv4-sp/hard\libc_nano.a
LOAD c:/ac6/systemworkbench/plugins/fr.ac6.mcu.externaltools.arm-none.win32_1.17.0.201812190825/tools/compiler/bin/../lib/gcc/arm-none-eabi/7.3.1/../../../../arm-none-eabi/lib/thumb/v7e-m/fpv4-sp/hard\libnosys.a
END GROUP
START GROUP
LOAD c:/ac6/systemworkbench/plugins/fr.ac6.mcu.externaltools.arm-none.win32_1.17.0.201812190825/tools/compiler/bin/../lib/gcc/arm-none-eabi/7.3.1/thumb/v7e-m/fpv4-sp/hard\libgcc.a
LOAD c:/ac6/systemworkbench/plugins/fr.ac6.mcu.externaltools.arm-none.win32_1.17.0.201812190825/tools/compiler/bin/../lib/gcc/arm-none-eabi/7.3.1/../../../../arm-none-eabi/lib/thumb/v7e-m/fpv4-sp/hard\libc_nano.a
LOAD c:/ac6/systemworkbench/plugins/fr.ac6.mcu.externaltools.arm-none.win32_1.17.0.201812190825/tools/compiler/bin/../lib/gcc/arm-none-eabi/7.3.1/../../../../arm-none-eabi/lib/thumb/v7e-m/fpv4-sp/hard\libnosys.a
END GROUP
LOAD c:/ac6/systemworkbench/plugins/fr.ac6.mcu.externaltools.arm-none.win32_1.17.0.201812190825/tools/compiler/bin/../lib/gcc/arm-none-eabi/7.3.1/thumb/v7e-m/fpv4-sp/hard/crtend.o
LOAD c:/ac6/systemworkbench/plugins/fr.ac6.mcu.externaltools.arm-none.win32_1.17.0.201812190825/tools/compiler/bin/../lib/gcc/arm-none-eabi/7.3.1/thumb/v7e-m/fpv4-sp/hard/crtn.o
                0x20018000                _estack = 0x20018000
                0x00000200                _Min_Heap_Size = 0x200
                0x00000400                _Min_Stack_Size = 0x400

.isr_vector     0x08000000      0x188
                0x08000000                . = ALIGN (0x8)
 *(.isr_vector)
 .isr_vector    0x08000000      0x188 startup/startup_stm32l476xx.o
                0x08000000                g_pfnVectors
                0x08000188                . = ALIGN (0x8)

.text           0x08000188     0xac70
                0x08000188                . = ALIGN (0x8)
 *(.text)
 .text          0x08000188       0x40 c:/ac6/systemworkbench/plugins/fr.ac6.mcu.externaltools.arm-none.win32_1.17.0.201812190825/tools/compiler/bin/../lib/gcc/arm-none-eabi/7.3.1/thumb/v7e-m/fpv4-sp/hard/crtbegin.o
 .text          0x080001c8      0x4dc Src/my_FUN.o
                0x080001c8                p_my_DMA2_Data
                0x080001cc                p_my_DMA2_Data_F0
                0x080001d0                p_my_DMA2_Data_F1
                0x080001d4                p_my_DMA2_Data_F2
                0x080001d8                p_my_DMA2_Data_F1_F2
                0x080001dc                p_my_F2F1_rez
                0x080001e0                p_my_F1F2_rez
                0x080001e4                p_sum_OUT_2R
                0x080001e8                p_sum_OUT_0R
                0x080001ec                p_rez_OUT_2R
                0x080001f0                p_sum_SD2
                0x080001f4                my_0x0000FFFF
                0x080001f8                my_DataADC2_0
                0x08000220                my_DataADC2_2
                0x080002ba                my_F1
                0x0800030c                my_F2
                0x08000374                my_F1F2
                0x0800041c                my_F1F2_P
                0x080004ba                my_F2F1
                0x08000580                my_F2F1_P
                0x0800063a                my_F1_F2
 .text          0x080006a4      0x378 c:/ac6/systemworkbench/plugins/fr.ac6.mcu.externaltools.arm-none.win32_1.17.0.201812190825/tools/compiler/bin/../lib/gcc/arm-none-eabi/7.3.1/thumb/v7e-m/fpv4-sp/hard\libgcc.a(_arm_addsubdf3.o)
                0x080006a4                __aeabi_drsub
                0x080006ac                __aeabi_dsub
                0x080006ac                __subdf3
                0x080006b0                __aeabi_dadd
                0x080006b0                __adddf3
                0x08000928                __floatunsidf
                0x08000928                __aeabi_ui2d
                0x08000948                __floatsidf
                0x08000948                __aeabi_i2d
                0x0800096c                __aeabi_f2d
                0x0800096c                __extendsfdf2
                0x080009b0                __floatundidf
                0x080009b0                __aeabi_ul2d
                0x080009c0                __floatdidf
                0x080009c0                __aeabi_l2d
 .text          0x08000a1c      0x424 c:/ac6/systemworkbench/plugins/fr.ac6.mcu.externaltools.arm-none.win32_1.17.0.201812190825/tools/compiler/bin/../lib/gcc/arm-none-eabi/7.3.1/thumb/v7e-m/fpv4-sp/hard\libgcc.a(_arm_muldivdf3.o)
                0x08000a1c                __aeabi_dmul
                0x08000a1c                __muldf3
                0x08000c70                __divdf3
                0x08000c70                __aeabi_ddiv
 .text          0x08000e40       0xa0 c:/ac6/systemworkbench/plugins/fr.ac6.mcu.externaltools.arm-none.win32_1.17.0.201812190825/tools/compiler/bin/../lib/gcc/arm-none-eabi/7.3.1/thumb/v7e-m/fpv4-sp/hard\libgcc.a(_arm_truncdfsf2.o)
                0x08000e40                __truncdfsf2
                0x08000e40                __aeabi_d2f
 .text          0x08000ee0       0x30 c:/ac6/systemworkbench/plugins/fr.ac6.mcu.externaltools.arm-none.win32_1.17.0.201812190825/tools/compiler/bin/../lib/gcc/arm-none-eabi/7.3.1/thumb/v7e-m/fpv4-sp/hard\libgcc.a(_aeabi_uldivmod.o)
                0x08000ee0                __aeabi_uldivmod
 .text          0x08000f10      0x2cc c:/ac6/systemworkbench/plugins/fr.ac6.mcu.externaltools.arm-none.win32_1.17.0.201812190825/tools/compiler/bin/../lib/gcc/arm-none-eabi/7.3.1/thumb/v7e-m/fpv4-sp/hard\libgcc.a(_udivmoddi4.o)
                0x08000f10                __udivmoddi4
 .text          0x080011dc        0x4 c:/ac6/systemworkbench/plugins/fr.ac6.mcu.externaltools.arm-none.win32_1.17.0.201812190825/tools/compiler/bin/../lib/gcc/arm-none-eabi/7.3.1/thumb/v7e-m/fpv4-sp/hard\libgcc.a(_dvmd_tls.o)
                0x080011dc                __aeabi_idiv0
                0x080011dc                __aeabi_ldiv0
 *(.text*)
 .text.HAL_InitTick
                0x080011e0       0x4c Drivers/STM32L4xx_HAL_Driver/Src/stm32l4xx_hal.o
                0x080011e0                HAL_InitTick
 .text.HAL_Init
                0x0800122c       0x1e Drivers/STM32L4xx_HAL_Driver/Src/stm32l4xx_hal.o
                0x0800122c                HAL_Init
 *fill*         0x0800124a        0x2 
 .text.HAL_IncTick
                0x0800124c       0x18 Drivers/STM32L4xx_HAL_Driver/Src/stm32l4xx_hal.o
                0x0800124c                HAL_IncTick
 .text.HAL_GetTick
                0x08001264        0xc Drivers/STM32L4xx_HAL_Driver/Src/stm32l4xx_hal.o
                0x08001264                HAL_GetTick
 .text.HAL_Delay
                0x08001270       0x28 Drivers/STM32L4xx_HAL_Driver/Src/stm32l4xx_hal.o
                0x08001270                HAL_Delay
 .text.HAL_ADC_Init
                0x08001298      0x218 Drivers/STM32L4xx_HAL_Driver/Src/stm32l4xx_hal_adc.o
                0x08001298                HAL_ADC_Init
 .text.HAL_ADC_ConvCpltCallback
                0x080014b0        0x2 Drivers/STM32L4xx_HAL_Driver/Src/stm32l4xx_hal_adc.o
                0x080014b0                HAL_ADC_ConvCpltCallback
 .text.HAL_ADC_ConvHalfCpltCallback
                0x080014b2        0x2 Drivers/STM32L4xx_HAL_Driver/Src/stm32l4xx_hal_adc.o
                0x080014b2                HAL_ADC_ConvHalfCpltCallback
 .text.ADC_DMAHalfConvCplt
                0x080014b4        0xa Drivers/STM32L4xx_HAL_Driver/Src/stm32l4xx_hal_adc.o
                0x080014b4                ADC_DMAHalfConvCplt
 .text.HAL_ADC_ErrorCallback
                0x080014be        0x2 Drivers/STM32L4xx_HAL_Driver/Src/stm32l4xx_hal_adc.o
                0x080014be                HAL_ADC_ErrorCallback
 .text.ADC_DMAConvCplt
                0x080014c0       0x88 Drivers/STM32L4xx_HAL_Driver/Src/stm32l4xx_hal_adc.o
                0x080014c0                ADC_DMAConvCplt
 .text.ADC_DMAError
                0x08001548       0x1a Drivers/STM32L4xx_HAL_Driver/Src/stm32l4xx_hal_adc.o
                0x08001548                ADC_DMAError
 *fill*         0x08001562        0x2 
 .text.HAL_ADC_ConfigChannel
                0x08001564      0x450 Drivers/STM32L4xx_HAL_Driver/Src/stm32l4xx_hal_adc.o
                0x08001564                HAL_ADC_ConfigChannel
 .text.ADC_Enable
                0x080019b4       0x90 Drivers/STM32L4xx_HAL_Driver/Src/stm32l4xx_hal_adc.o
                0x080019b4                ADC_Enable
 .text.HAL_ADC_Start_DMA
                0x08001a44      0x108 Drivers/STM32L4xx_HAL_Driver/Src/stm32l4xx_hal_adc.o
                0x08001a44                HAL_ADC_Start_DMA
 .text.ADC_Disable
                0x08001b4c       0x8e Drivers/STM32L4xx_HAL_Driver/Src/stm32l4xx_hal_adc.o
                0x08001b4c                ADC_Disable
 .text.HAL_ADCEx_Calibration_Start
                0x08001bda       0x9c Drivers/STM32L4xx_HAL_Driver/Src/stm32l4xx_hal_adc_ex.o
                0x08001bda                HAL_ADCEx_Calibration_Start
 .text.HAL_ADCEx_Calibration_GetValue
                0x08001c76       0x16 Drivers/STM32L4xx_HAL_Driver/Src/stm32l4xx_hal_adc_ex.o
                0x08001c76                HAL_ADCEx_Calibration_GetValue
 .text.HAL_ADCEx_Calibration_SetValue
                0x08001c8c       0x82 Drivers/STM32L4xx_HAL_Driver/Src/stm32l4xx_hal_adc_ex.o
                0x08001c8c                HAL_ADCEx_Calibration_SetValue
 *fill*         0x08001d0e        0x2 
 .text.HAL_ADCEx_MultiModeConfigChannel
                0x08001d10      0x148 Drivers/STM32L4xx_HAL_Driver/Src/stm32l4xx_hal_adc_ex.o
                0x08001d10                HAL_ADCEx_MultiModeConfigChannel
 .text.HAL_NVIC_SetPriorityGrouping
                0x08001e58       0x24 Drivers/STM32L4xx_HAL_Driver/Src/stm32l4xx_hal_cortex.o
                0x08001e58                HAL_NVIC_SetPriorityGrouping
 .text.HAL_NVIC_SetPriority
                0x08001e7c       0x68 Drivers/STM32L4xx_HAL_Driver/Src/stm32l4xx_hal_cortex.o
                0x08001e7c                HAL_NVIC_SetPriority
 .text.HAL_NVIC_EnableIRQ
                0x08001ee4       0x1c Drivers/STM32L4xx_HAL_Driver/Src/stm32l4xx_hal_cortex.o
                0x08001ee4                HAL_NVIC_EnableIRQ
 .text.HAL_SYSTICK_Config
                0x08001f00       0x2c Drivers/STM32L4xx_HAL_Driver/Src/stm32l4xx_hal_cortex.o
                0x08001f00                HAL_SYSTICK_Config
 .text.HAL_DAC_Init
                0x08001f2c       0x24 Drivers/STM32L4xx_HAL_Driver/Src/stm32l4xx_hal_dac.o
                0x08001f2c                HAL_DAC_Init
 .text.HAL_DAC_Start
                0x08001f50       0x60 Drivers/STM32L4xx_HAL_Driver/Src/stm32l4xx_hal_dac.o
                0x08001f50                HAL_DAC_Start
 .text.HAL_DAC_ConfigChannel
                0x08001fb0      0x136 Drivers/STM32L4xx_HAL_Driver/Src/stm32l4xx_hal_dac.o
                0x08001fb0                HAL_DAC_ConfigChannel
 .text.DMA_SetConfig
                0x080020e6       0x30 Drivers/STM32L4xx_HAL_Driver/Src/stm32l4xx_hal_dma.o
 *fill*         0x08002116        0x2 
 .text.HAL_DMA_Init
                0x08002118       0xf8 Drivers/STM32L4xx_HAL_Driver/Src/stm32l4xx_hal_dma.o
                0x08002118                HAL_DMA_Init
 .text.HAL_DMA_Start_IT
                0x08002210       0x76 Drivers/STM32L4xx_HAL_Driver/Src/stm32l4xx_hal_dma.o
                0x08002210                HAL_DMA_Start_IT
 *fill*         0x08002286        0x2 
 .text.HAL_GPIO_Init
                0x08002288      0x1d4 Drivers/STM32L4xx_HAL_Driver/Src/stm32l4xx_hal_gpio.o
                0x08002288                HAL_GPIO_Init
 .text.HAL_GPIO_WritePin
                0x0800245c        0xa Drivers/STM32L4xx_HAL_Driver/Src/stm32l4xx_hal_gpio.o
                0x0800245c                HAL_GPIO_WritePin
 .text.I2C_Flush_TXDR
                0x08002466       0x22 Drivers/STM32L4xx_HAL_Driver/Src/stm32l4xx_hal_i2c.o
 .text.I2C_TransferConfig
                0x08002488       0x36 Drivers/STM32L4xx_HAL_Driver/Src/stm32l4xx_hal_i2c.o
 .text.I2C_IsAcknowledgeFailed
                0x080024be       0x90 Drivers/STM32L4xx_HAL_Driver/Src/stm32l4xx_hal_i2c.o
 .text.I2C_WaitOnTXISFlagUntilTimeout
                0x0800254e       0x56 Drivers/STM32L4xx_HAL_Driver/Src/stm32l4xx_hal_i2c.o
 .text.I2C_WaitOnFlagUntilTimeout
                0x080025a4       0x52 Drivers/STM32L4xx_HAL_Driver/Src/stm32l4xx_hal_i2c.o
 *fill*         0x080025f6        0x2 
 .text.I2C_RequestMemoryWrite
                0x080025f8       0x70 Drivers/STM32L4xx_HAL_Driver/Src/stm32l4xx_hal_i2c.o
 .text.I2C_WaitOnSTOPFlagUntilTimeout
                0x08002668       0x50 Drivers/STM32L4xx_HAL_Driver/Src/stm32l4xx_hal_i2c.o
 .text.I2C_WaitOnRXNEFlagUntilTimeout
                0x080026b8       0x98 Drivers/STM32L4xx_HAL_Driver/Src/stm32l4xx_hal_i2c.o
 .text.HAL_I2C_Init
                0x08002750       0xbc Drivers/STM32L4xx_HAL_Driver/Src/stm32l4xx_hal_i2c.o
                0x08002750                HAL_I2C_Init
 .text.HAL_I2C_Master_Transmit
                0x0800280c      0x17c Drivers/STM32L4xx_HAL_Driver/Src/stm32l4xx_hal_i2c.o
                0x0800280c                HAL_I2C_Master_Transmit
 .text.HAL_I2C_Master_Receive
                0x08002988      0x17c Drivers/STM32L4xx_HAL_Driver/Src/stm32l4xx_hal_i2c.o
                0x08002988                HAL_I2C_Master_Receive
 .text.HAL_I2C_Mem_Write
                0x08002b04      0x1a4 Drivers/STM32L4xx_HAL_Driver/Src/stm32l4xx_hal_i2c.o
                0x08002b04                HAL_I2C_Mem_Write
 .text.HAL_I2CEx_ConfigAnalogFilter
                0x08002ca8       0x5c Drivers/STM32L4xx_HAL_Driver/Src/stm32l4xx_hal_i2c_ex.o
                0x08002ca8                HAL_I2CEx_ConfigAnalogFilter
 .text.HAL_I2CEx_ConfigDigitalFilter
                0x08002d04       0x58 Drivers/STM32L4xx_HAL_Driver/Src/stm32l4xx_hal_i2c_ex.o
                0x08002d04                HAL_I2CEx_ConfigDigitalFilter
 .text.HAL_PWREx_GetVoltageRange
                0x08002d5c       0x10 Drivers/STM32L4xx_HAL_Driver/Src/stm32l4xx_hal_pwr_ex.o
                0x08002d5c                HAL_PWREx_GetVoltageRange
 .text.HAL_PWREx_ControlVoltageScaling
                0x08002d6c       0x90 Drivers/STM32L4xx_HAL_Driver/Src/stm32l4xx_hal_pwr_ex.o
                0x08002d6c                HAL_PWREx_ControlVoltageScaling
 .text.RCC_SetFlashLatencyFromMSIRange
                0x08002dfc       0x90 Drivers/STM32L4xx_HAL_Driver/Src/stm32l4xx_hal_rcc.o
 .text.HAL_RCC_GetSysClockFreq
                0x08002e8c       0xb4 Drivers/STM32L4xx_HAL_Driver/Src/stm32l4xx_hal_rcc.o
                0x08002e8c                HAL_RCC_GetSysClockFreq
 .text.HAL_RCC_OscConfig
                0x08002f40      0x5dc Drivers/STM32L4xx_HAL_Driver/Src/stm32l4xx_hal_rcc.o
                0x08002f40                HAL_RCC_OscConfig
 .text.HAL_RCC_ClockConfig
                0x0800351c      0x158 Drivers/STM32L4xx_HAL_Driver/Src/stm32l4xx_hal_rcc.o
                0x0800351c                HAL_RCC_ClockConfig
 .text.HAL_RCC_GetHCLKFreq
                0x08003674        0xc Drivers/STM32L4xx_HAL_Driver/Src/stm32l4xx_hal_rcc.o
                0x08003674                HAL_RCC_GetHCLKFreq
 .text.HAL_RCC_GetPCLK1Freq
                0x08003680       0x24 Drivers/STM32L4xx_HAL_Driver/Src/stm32l4xx_hal_rcc.o
                0x08003680                HAL_RCC_GetPCLK1Freq
 .text.HAL_RCC_GetPCLK2Freq
                0x080036a4       0x24 Drivers/STM32L4xx_HAL_Driver/Src/stm32l4xx_hal_rcc.o
                0x080036a4                HAL_RCC_GetPCLK2Freq
 .text.RCCEx_PLLSAI1_Config
                0x080036c8      0x170 Drivers/STM32L4xx_HAL_Driver/Src/stm32l4xx_hal_rcc_ex.o
 .text.RCCEx_PLLSAI2_Config
                0x08003838      0x14c Drivers/STM32L4xx_HAL_Driver/Src/stm32l4xx_hal_rcc_ex.o
 .text.HAL_RCCEx_PeriphCLKConfig
                0x08003984      0x450 Drivers/STM32L4xx_HAL_Driver/Src/stm32l4xx_hal_rcc_ex.o
                0x08003984                HAL_RCCEx_PeriphCLKConfig
 .text.HAL_SPI_Init
                0x08003dd4       0xb0 Drivers/STM32L4xx_HAL_Driver/Src/stm32l4xx_hal_spi.o
                0x08003dd4                HAL_SPI_Init
 .text.TIM_OC1_SetConfig
                0x08003e84       0x9c Drivers/STM32L4xx_HAL_Driver/Src/stm32l4xx_hal_tim.o
 .text.TIM_OC3_SetConfig
                0x08003f20       0x8c Drivers/STM32L4xx_HAL_Driver/Src/stm32l4xx_hal_tim.o
 .text.TIM_OC4_SetConfig
                0x08003fac       0x6c Drivers/STM32L4xx_HAL_Driver/Src/stm32l4xx_hal_tim.o
 .text.TIM_OC5_SetConfig
                0x08004018       0x68 Drivers/STM32L4xx_HAL_Driver/Src/stm32l4xx_hal_tim.o
 .text.TIM_OC6_SetConfig
                0x08004080       0x6c Drivers/STM32L4xx_HAL_Driver/Src/stm32l4xx_hal_tim.o
 .text.TIM_TI1_ConfigInputStage
                0x080040ec       0x26 Drivers/STM32L4xx_HAL_Driver/Src/stm32l4xx_hal_tim.o
 .text.TIM_TI2_SetConfig
                0x08004112       0x34 Drivers/STM32L4xx_HAL_Driver/Src/stm32l4xx_hal_tim.o
 .text.TIM_TI2_ConfigInputStage
                0x08004146       0x28 Drivers/STM32L4xx_HAL_Driver/Src/stm32l4xx_hal_tim.o
 .text.TIM_TI3_SetConfig
                0x0800416e       0x32 Drivers/STM32L4xx_HAL_Driver/Src/stm32l4xx_hal_tim.o
 .text.TIM_TI4_SetConfig
                0x080041a0       0x34 Drivers/STM32L4xx_HAL_Driver/Src/stm32l4xx_hal_tim.o
 .text.TIM_ITRx_SetConfig
                0x080041d4       0x10 Drivers/STM32L4xx_HAL_Driver/Src/stm32l4xx_hal_tim.o
 .text.HAL_TIM_Base_Start
                0x080041e4       0x30 Drivers/STM32L4xx_HAL_Driver/Src/stm32l4xx_hal_tim.o
                0x080041e4                HAL_TIM_Base_Start
 .text.HAL_TIM_PWM_MspInit
                0x08004214        0x2 Drivers/STM32L4xx_HAL_Driver/Src/stm32l4xx_hal_tim.o
                0x08004214                HAL_TIM_PWM_MspInit
 .text.HAL_TIM_IC_MspInit
                0x08004216        0x2 Drivers/STM32L4xx_HAL_Driver/Src/stm32l4xx_hal_tim.o
                0x08004216                HAL_TIM_IC_MspInit
 .text.TIM_Base_SetConfig
                0x08004218       0xc8 Drivers/STM32L4xx_HAL_Driver/Src/stm32l4xx_hal_tim.o
                0x08004218                TIM_Base_SetConfig
 .text.HAL_TIM_Base_Init
                0x080042e0       0x32 Drivers/STM32L4xx_HAL_Driver/Src/stm32l4xx_hal_tim.o
                0x080042e0                HAL_TIM_Base_Init
 .text.HAL_TIM_PWM_Init
                0x08004312       0x32 Drivers/STM32L4xx_HAL_Driver/Src/stm32l4xx_hal_tim.o
                0x08004312                HAL_TIM_PWM_Init
 .text.HAL_TIM_IC_Init
                0x08004344       0x32 Drivers/STM32L4xx_HAL_Driver/Src/stm32l4xx_hal_tim.o
                0x08004344                HAL_TIM_IC_Init
 *fill*         0x08004376        0x2 
 .text.TIM_OC2_SetConfig
                0x08004378       0x8c Drivers/STM32L4xx_HAL_Driver/Src/stm32l4xx_hal_tim.o
                0x08004378                TIM_OC2_SetConfig
 .text.HAL_TIM_PWM_ConfigChannel
                0x08004404      0x134 Drivers/STM32L4xx_HAL_Driver/Src/stm32l4xx_hal_tim.o
                0x08004404                HAL_TIM_PWM_ConfigChannel
 .text.TIM_TI1_SetConfig
                0x08004538       0x70 Drivers/STM32L4xx_HAL_Driver/Src/stm32l4xx_hal_tim.o
                0x08004538                TIM_TI1_SetConfig
 .text.HAL_TIM_IC_ConfigChannel
                0x080045a8       0xc0 Drivers/STM32L4xx_HAL_Driver/Src/stm32l4xx_hal_tim.o
                0x080045a8                HAL_TIM_IC_ConfigChannel
 .text.TIM_ETR_SetConfig
                0x08004668       0x18 Drivers/STM32L4xx_HAL_Driver/Src/stm32l4xx_hal_tim.o
                0x08004668                TIM_ETR_SetConfig
 .text.HAL_TIM_ConfigClockSource
                0x08004680       0xdc Drivers/STM32L4xx_HAL_Driver/Src/stm32l4xx_hal_tim.o
                0x08004680                HAL_TIM_ConfigClockSource
 .text.TIM_SlaveTimer_SetConfig
                0x0800475c       0x8e Drivers/STM32L4xx_HAL_Driver/Src/stm32l4xx_hal_tim.o
 .text.HAL_TIM_SlaveConfigSynchro
                0x080047ea       0x58 Drivers/STM32L4xx_HAL_Driver/Src/stm32l4xx_hal_tim.o
                0x080047ea                HAL_TIM_SlaveConfigSynchro
 .text.TIM_CCxChannelCmd
                0x08004842       0x22 Drivers/STM32L4xx_HAL_Driver/Src/stm32l4xx_hal_tim.o
                0x08004842                TIM_CCxChannelCmd
 .text.HAL_TIM_IC_Start
                0x08004864       0x30 Drivers/STM32L4xx_HAL_Driver/Src/stm32l4xx_hal_tim.o
                0x08004864                HAL_TIM_IC_Start
 .text.HAL_TIMEx_MasterConfigSynchronization
                0x08004894       0x64 Drivers/STM32L4xx_HAL_Driver/Src/stm32l4xx_hal_tim_ex.o
                0x08004894                HAL_TIMEx_MasterConfigSynchronization
 .text.HAL_TIMEx_ConfigBreakDeadTime
                0x080048f8       0x90 Drivers/STM32L4xx_HAL_Driver/Src/stm32l4xx_hal_tim_ex.o
                0x080048f8                HAL_TIMEx_ConfigBreakDeadTime
 .text.UART_SetConfig
                0x08004988      0x424 Drivers/STM32L4xx_HAL_Driver/Src/stm32l4xx_hal_uart.o
                0x08004988                UART_SetConfig
 .text.UART_AdvFeatureConfig
                0x08004dac       0xca Drivers/STM32L4xx_HAL_Driver/Src/stm32l4xx_hal_uart.o
                0x08004dac                UART_AdvFeatureConfig
 .text.UART_WaitOnFlagUntilTimeout
                0x08004e76       0x60 Drivers/STM32L4xx_HAL_Driver/Src/stm32l4xx_hal_uart.o
                0x08004e76                UART_WaitOnFlagUntilTimeout
 .text.UART_CheckIdleState
                0x08004ed6       0x6c Drivers/STM32L4xx_HAL_Driver/Src/stm32l4xx_hal_uart.o
                0x08004ed6                UART_CheckIdleState
 .text.HAL_UART_Init
                0x08004f42       0x62 Drivers/STM32L4xx_HAL_Driver/Src/stm32l4xx_hal_uart.o
                0x08004f42                HAL_UART_Init
 .text.LSM303D_Initialize
                0x08004fa4       0x8c Src/LSM303D.o
                0x08004fa4                LSM303D_Initialize
 .text.MX_ADC1_Init
                0x08005030      0x104 Src/adc.o
                0x08005030                MX_ADC1_Init
 .text.MX_ADC2_Init
                0x08005134       0xcc Src/adc.o
                0x08005134                MX_ADC2_Init
 .text.HAL_ADC_MspInit
                0x08005200      0x198 Src/adc.o
                0x08005200                HAL_ADC_MspInit
 .text.MX_DAC1_Init
                0x08005398       0x4c Src/dac.o
                0x08005398                MX_DAC1_Init
 .text.HAL_DAC_MspInit
                0x080053e4       0x60 Src/dac.o
                0x080053e4                HAL_DAC_MspInit
 .text.MX_DMA_Init
                0x08005444       0x54 Src/dma.o
                0x08005444                MX_DMA_Init
 .text.MX_GPIO_Init
                0x08005498      0x160 Src/gpio.o
                0x08005498                MX_GPIO_Init
 .text.HIST     0x080055f8       0xac Src/hist.o
                0x080055f8                HIST
 .text.MX_I2C3_Init
                0x080056a4       0x60 Src/i2c.o
                0x080056a4                MX_I2C3_Init
 .text.HAL_I2C_MspInit
                0x08005704       0x6c Src/i2c.o
                0x08005704                HAL_I2C_MspInit
 .text.AD5668_SetValue
                0x08005770      0x114 Src/interface_AD5668.o
                0x08005770                AD5668_SetValue
 .text.AD5668_WriteValue
                0x08005884      0x110 Src/interface_AD5668.o
                0x08005884                AD5668_WriteValue
 .text.AD5668_Reset
                0x08005994       0xec Src/interface_AD5668.o
                0x08005994                AD5668_Reset
 .text.AD5668_Init
                0x08005a80       0xf0 Src/interface_AD5668.o
                0x08005a80                AD5668_Init
 .text.AD8400_SetValue
                0x08005b70       0xac Src/interface_AD8400.o
                0x08005b70                AD8400_SetValue
 .text.InitTEMP
                0x08005c1c       0x70 Src/interface_ADT7410.o
                0x08005c1c                InitTEMP
 .text.GetTEMP  0x08005c8c       0x5c Src/interface_ADT7410.o
                0x08005c8c                GetTEMP
 .text.LMX2486_SendData
                0x08005ce8       0xc4 Src/interface_LMX2486.o
                0x08005ce8                LMX2486_SendData
 .text.LMX2486_Init
                0x08005dac       0xb4 Src/interface_LMX2486.o
                0x08005dac                LMX2486_Init
 .text.LMX2486_SetFreq
                0x08005e60       0x64 Src/interface_LMX2486.o
                0x08005e60                LMX2486_SetFreq
 .text.Error_Handler
                0x08005ec4        0x2 Src/main.o
                0x08005ec4                Error_Handler
 .text.SystemClock_Config
                0x08005ec6       0xa8 Src/main.o
                0x08005ec6                SystemClock_Config
 *fill*         0x08005f6e        0x2 
 .text.main     0x08005f70      0xca0 Src/main.o
                0x08005f70                main
 .text.my_DataADC2_1_
                0x08006c10       0x24 Src/my_FUN_.o
                0x08006c10                my_DataADC2_1_
 .text.my_DataADC2_2_
                0x08006c34       0x78 Src/my_FUN_.o
                0x08006c34                my_DataADC2_2_
 .text.my_F1_   0x08006cac       0x40 Src/my_FUN_.o
                0x08006cac                my_F1_
 .text.my_F2_   0x08006cec       0x68 Src/my_FUN_.o
                0x08006cec                my_F2_
 .text.my_F1F2_
                0x08006d54       0xa4 Src/my_FUN_.o
                0x08006d54                my_F1F2_
 .text.my_F2F1_
                0x08006df8       0xcc Src/my_FUN_.o
                0x08006df8                my_F2F1_
 .text.my_F1_F2_
                0x08006ec4       0x3c Src/my_FUN_.o
                0x08006ec4                my_F1_F2_
 .text.Reset_DOPLER_FREQ_PID
                0x08006f00       0x1c Src/pid_DOPLER_FREQ.o
                0x08006f00                Reset_DOPLER_FREQ_PID
 .text.Compute_DOPLER_FREQ_PID
                0x08006f1c       0xc8 Src/pid_DOPLER_FREQ.o
                0x08006f1c                Compute_DOPLER_FREQ_PID
 .text.Reset_MICROWAVE_PID
                0x08006fe4       0x1c Src/pid_MICROWAVE.o
                0x08006fe4                Reset_MICROWAVE_PID
 .text.Compute_MICROWAVE_PID
                0x08007000       0xc8 Src/pid_MICROWAVE.o
                0x08007000                Compute_MICROWAVE_PID
 .text.Reset_CELL_PID
                0x080070c8       0x1c Src/pid_cell.o
                0x080070c8                Reset_CELL_PID
 .text.Compute_CELL_PID
                0x080070e4       0xc4 Src/pid_cell.o
                0x080070e4                Compute_CELL_PID
 .text.Reset_DOPLER_CRNT_PID
                0x080071a8       0x1c Src/pid_dopler_crnt.o
                0x080071a8                Reset_DOPLER_CRNT_PID
 .text.Compute_DOPLER_CRNT_PID
                0x080071c4       0xc8 Src/pid_dopler_crnt.o
                0x080071c4                Compute_DOPLER_CRNT_PID
 .text.Reset_DOPLER_TEC_PID
                0x0800728c       0x1c Src/pid_dopler_tec.o
                0x0800728c                Reset_DOPLER_TEC_PID
 .text.Compute_DOPLER_TEC_PID
                0x080072a8       0xc8 Src/pid_dopler_tec.o
                0x080072a8                Compute_DOPLER_TEC_PID
 .text.Reset_FREQ_PID
                0x08007370       0x1c Src/pid_freq.o
                0x08007370                Reset_FREQ_PID
 .text.Compute_FREQ_PID
                0x0800738c       0xc8 Src/pid_freq.o
                0x0800738c                Compute_FREQ_PID
 .text.Reset_OPTICS_PWR_PID
                0x08007454       0x2c Src/pid_optics_pwr.o
                0x08007454                Reset_OPTICS_PWR_PID
 .text.Compute_OPTICS_PWR_PID
                0x08007480       0xc8 Src/pid_optics_pwr.o
                0x08007480                Compute_OPTICS_PWR_PID
 .text.Compute_TECCTRL_PID
                0x08007548       0xc8 Src/pid_tec_ctrl.o
                0x08007548                Compute_TECCTRL_PID
 .text.MX_SPI1_Init
                0x08007610       0x4c Src/spi.o
                0x08007610                MX_SPI1_Init
 .text.MX_SPI2_Init
                0x0800765c       0x4c Src/spi.o
                0x0800765c                MX_SPI2_Init
 .text.MX_SPI3_Init
                0x080076a8       0x4c Src/spi.o
                0x080076a8                MX_SPI3_Init
 .text.HAL_SPI_MspInit
                0x080076f4      0x108 Src/spi.o
                0x080076f4                HAL_SPI_MspInit
 .text.HAL_MspInit
                0x080077fc       0x30 Src/stm32l4xx_hal_msp.o
                0x080077fc                HAL_MspInit
 .text.NMI_Handler
                0x0800782c        0x2 Src/stm32l4xx_it.o
                0x0800782c                NMI_Handler
 .text.HardFault_Handler
                0x0800782e        0x2 Src/stm32l4xx_it.o
                0x0800782e                HardFault_Handler
 .text.MemManage_Handler
                0x08007830        0x2 Src/stm32l4xx_it.o
                0x08007830                MemManage_Handler
 .text.BusFault_Handler
                0x08007832        0x2 Src/stm32l4xx_it.o
                0x08007832                BusFault_Handler
 .text.UsageFault_Handler
                0x08007834        0x2 Src/stm32l4xx_it.o
                0x08007834                UsageFault_Handler
 .text.SVC_Handler
                0x08007836        0x2 Src/stm32l4xx_it.o
                0x08007836                SVC_Handler
 .text.DebugMon_Handler
                0x08007838        0x2 Src/stm32l4xx_it.o
                0x08007838                DebugMon_Handler
 .text.PendSV_Handler
                0x0800783a        0x2 Src/stm32l4xx_it.o
                0x0800783a                PendSV_Handler
 .text.SysTick_Handler
                0x0800783c       0x1c Src/stm32l4xx_it.o
                0x0800783c                SysTick_Handler
 .text.DMA1_Channel1_IRQHandler
                0x08007858       0x88 Src/stm32l4xx_it.o
                0x08007858                DMA1_Channel1_IRQHandler
 .text.TIM4_IRQHandler
                0x080078e0       0x40 Src/stm32l4xx_it.o
                0x080078e0                TIM4_IRQHandler
 .text.USART3_IRQHandler
                0x08007920      0x110 Src/stm32l4xx_it.o
                0x08007920                USART3_IRQHandler
 .text.DMA2_Channel4_IRQHandler
                0x08007a30       0x88 Src/stm32l4xx_it.o
                0x08007a30                DMA2_Channel4_IRQHandler
 .text.EXTI0_IRQHandler
                0x08007ab8     0x1f78 Src/stm32l4xx_it.o
                0x08007ab8                EXTI0_IRQHandler
 .text.SystemInit
                0x08009a30       0x48 Src/system_stm32l4xx.o
                0x08009a30                SystemInit
 .text.MX_TIM2_Init
                0x08009a78       0x94 Src/tim.o
                0x08009a78                MX_TIM2_Init
 .text.MX_TIM17_Init
                0x08009b0c       0x68 Src/tim.o
                0x08009b0c                MX_TIM17_Init
 .text.HAL_TIM_Base_MspInit
                0x08009b74      0x114 Src/tim.o
                0x08009b74                HAL_TIM_Base_MspInit
 .text.HAL_TIM_MspPostInit
                0x08009c88       0xfc Src/tim.o
                0x08009c88                HAL_TIM_MspPostInit
 .text.MX_TIM1_Init
                0x08009d84      0x100 Src/tim.o
                0x08009d84                MX_TIM1_Init
 .text.MX_TIM3_Init
                0x08009e84       0xd8 Src/tim.o
                0x08009e84                MX_TIM3_Init
 .text.MX_TIM4_Init
                0x08009f5c       0xb8 Src/tim.o
                0x08009f5c                MX_TIM4_Init
 .text.MX_TIM8_Init
                0x0800a014      0x124 Src/tim.o
                0x0800a014                MX_TIM8_Init
 .text.MX_USART3_UART_Init
                0x0800a138       0x38 Src/usart.o
                0x0800a138                MX_USART3_UART_Init
 .text.HAL_UART_MspInit
                0x0800a170       0x7c Src/usart.o
                0x0800a170                HAL_UART_MspInit
 .text.USART_GetByte
                0x0800a1ec       0x4c Src/usart_protocol.o
                0x0800a1ec                USART_GetByte
 .text.USART_SendByte
                0x0800a238       0x44 Src/usart_protocol.o
                0x0800a238                USART_SendByte
 .text.USART_SendString
                0x0800a27c       0x1a Src/usart_protocol.o
                0x0800a27c                USART_SendString
 .text.EraseStr
                0x0800a296       0x2c Src/usart_protocol.o
                0x0800a296                EraseStr
 .text.unpackFloat
                0x0800a2c2       0x22 Src/usart_protocol.o
                0x0800a2c2                unpackFloat
 .text.packFloat
                0x0800a2e4       0x1a Src/usart_protocol.o
                0x0800a2e4                packFloat
 *fill*         0x0800a2fe        0x2 
 .text.SendPkgData
                0x0800a300       0x44 Src/usart_protocol.o
                0x0800a300                SendPkgData
 .text.GetCmdID
                0x0800a344      0x11c Src/usart_protocol.o
                0x0800a344                GetCmdID
 .text.SetValueFloat
                0x0800a460       0x2c Src/usart_protocol.o
                0x0800a460                SetValueFloat
 .text.SetOptionPID
                0x0800a48c       0x68 Src/usart_protocol.o
                0x0800a48c                SetOptionPID
 .text.GetOptionPID
                0x0800a4f4       0x40 Src/usart_protocol.o
                0x0800a4f4                GetOptionPID
 .text.ComputeCmd
                0x0800a534      0x7fc Src/usart_protocol.o
                0x0800a534                ComputeCmd
 .text.Reset_Handler
                0x0800ad30       0x50 startup/startup_stm32l476xx.o
                0x0800ad30                Reset_Handler
 .text.Default_Handler
                0x0800ad80        0x2 startup/startup_stm32l476xx.o
                0x0800ad80                RTC_Alarm_IRQHandler
                0x0800ad80                EXTI2_IRQHandler
                0x0800ad80                TIM8_TRG_COM_IRQHandler
                0x0800ad80                TIM8_CC_IRQHandler
                0x0800ad80                TIM1_CC_IRQHandler
                0x0800ad80                TSC_IRQHandler
                0x0800ad80                TAMP_STAMP_IRQHandler
                0x0800ad80                EXTI3_IRQHandler
                0x0800ad80                LPTIM2_IRQHandler
                0x0800ad80                DFSDM1_FLT1_IRQHandler
                0x0800ad80                I2C3_ER_IRQHandler
                0x0800ad80                DFSDM1_FLT2_IRQHandler
                0x0800ad80                I2C2_EV_IRQHandler
                0x0800ad80                CAN1_RX0_IRQHandler
                0x0800ad80                FPU_IRQHandler
                0x0800ad80                TIM1_UP_TIM16_IRQHandler
                0x0800ad80                ADC1_2_IRQHandler
                0x0800ad80                SPI1_IRQHandler
                0x0800ad80                TIM6_DAC_IRQHandler
                0x0800ad80                TIM8_UP_IRQHandler
                0x0800ad80                DMA2_Channel2_IRQHandler
                0x0800ad80                DMA1_Channel4_IRQHandler
                0x0800ad80                SAI2_IRQHandler
                0x0800ad80                DFSDM1_FLT3_IRQHandler
                0x0800ad80                DMA1_Channel7_IRQHandler
                0x0800ad80                CAN1_RX1_IRQHandler
                0x0800ad80                LCD_IRQHandler
                0x0800ad80                UART5_IRQHandler
                0x0800ad80                ADC3_IRQHandler
                0x0800ad80                DMA2_Channel1_IRQHandler
                0x0800ad80                QUADSPI_IRQHandler
                0x0800ad80                I2C1_EV_IRQHandler
                0x0800ad80                DMA1_Channel6_IRQHandler
                0x0800ad80                UART4_IRQHandler
                0x0800ad80                TIM3_IRQHandler
                0x0800ad80                RCC_IRQHandler
                0x0800ad80                Default_Handler
                0x0800ad80                DMA2_Channel7_IRQHandler
                0x0800ad80                EXTI15_10_IRQHandler
                0x0800ad80                TIM7_IRQHandler
                0x0800ad80                SDMMC1_IRQHandler
                0x0800ad80                TIM5_IRQHandler
                0x0800ad80                I2C3_EV_IRQHandler
                0x0800ad80                EXTI9_5_IRQHandler
                0x0800ad80                RTC_WKUP_IRQHandler
                0x0800ad80                PVD_PVM_IRQHandler
                0x0800ad80                SPI2_IRQHandler
                0x0800ad80                CAN1_TX_IRQHandler
                0x0800ad80                DMA2_Channel5_IRQHandler
                0x0800ad80                DMA1_Channel5_IRQHandler
                0x0800ad80                EXTI4_IRQHandler
                0x0800ad80                RNG_IRQHandler
                0x0800ad80                TIM1_TRG_COM_TIM17_IRQHandler
                0x0800ad80                DMA1_Channel3_IRQHandler
                0x0800ad80                COMP_IRQHandler
                0x0800ad80                WWDG_IRQHandler
                0x0800ad80                LPUART1_IRQHandler
                0x0800ad80                DMA2_Channel6_IRQHandler
                0x0800ad80                TIM2_IRQHandler
                0x0800ad80                EXTI1_IRQHandler
                0x0800ad80                USART2_IRQHandler
                0x0800ad80                DFSDM1_FLT0_IRQHandler
                0x0800ad80                I2C2_ER_IRQHandler
                0x0800ad80                DMA1_Channel2_IRQHandler
                0x0800ad80                TIM8_BRK_IRQHandler
                0x0800ad80                CAN1_SCE_IRQHandler
                0x0800ad80                FLASH_IRQHandler
                0x0800ad80                USART1_IRQHandler
                0x0800ad80                OTG_FS_IRQHandler
                0x0800ad80                SPI3_IRQHandler
                0x0800ad80                I2C1_ER_IRQHandler
                0x0800ad80                FMC_IRQHandler
                0x0800ad80                SWPMI1_IRQHandler
                0x0800ad80                LPTIM1_IRQHandler
                0x0800ad80                SAI1_IRQHandler
                0x0800ad80                DMA2_Channel3_IRQHandler
                0x0800ad80                TIM1_BRK_TIM15_IRQHandler
 *fill*         0x0800ad82        0x2 
 .text.__libc_init_array
                0x0800ad84       0x48 c:/ac6/systemworkbench/plugins/fr.ac6.mcu.externaltools.arm-none.win32_1.17.0.201812190825/tools/compiler/bin/../lib/gcc/arm-none-eabi/7.3.1/../../../../arm-none-eabi/lib/thumb/v7e-m/fpv4-sp/hard\libc_nano.a(lib_a-init.o)
                0x0800ad84                __libc_init_array
 .text.memset   0x0800adcc       0x10 c:/ac6/systemworkbench/plugins/fr.ac6.mcu.externaltools.arm-none.win32_1.17.0.201812190825/tools/compiler/bin/../lib/gcc/arm-none-eabi/7.3.1/../../../../arm-none-eabi/lib/thumb/v7e-m/fpv4-sp/hard\libc_nano.a(lib_a-memset.o)
                0x0800adcc                memset
 *(.glue_7)
 .glue_7        0x0800addc        0x0 linker stubs
 *(.glue_7t)
 .glue_7t       0x0800addc        0x0 linker stubs
 *(.eh_frame)
 .eh_frame      0x0800addc        0x0 c:/ac6/systemworkbench/plugins/fr.ac6.mcu.externaltools.arm-none.win32_1.17.0.201812190825/tools/compiler/bin/../lib/gcc/arm-none-eabi/7.3.1/thumb/v7e-m/fpv4-sp/hard/crtbegin.o
 *(.init)
 .init          0x0800addc        0x4 c:/ac6/systemworkbench/plugins/fr.ac6.mcu.externaltools.arm-none.win32_1.17.0.201812190825/tools/compiler/bin/../lib/gcc/arm-none-eabi/7.3.1/thumb/v7e-m/fpv4-sp/hard/crti.o
                0x0800addc                _init
 .init          0x0800ade0        0x8 c:/ac6/systemworkbench/plugins/fr.ac6.mcu.externaltools.arm-none.win32_1.17.0.201812190825/tools/compiler/bin/../lib/gcc/arm-none-eabi/7.3.1/thumb/v7e-m/fpv4-sp/hard/crtn.o
 *(.fini)
 .fini          0x0800ade8        0x4 c:/ac6/systemworkbench/plugins/fr.ac6.mcu.externaltools.arm-none.win32_1.17.0.201812190825/tools/compiler/bin/../lib/gcc/arm-none-eabi/7.3.1/thumb/v7e-m/fpv4-sp/hard/crti.o
                0x0800ade8                _fini
 .fini          0x0800adec        0x8 c:/ac6/systemworkbench/plugins/fr.ac6.mcu.externaltools.arm-none.win32_1.17.0.201812190825/tools/compiler/bin/../lib/gcc/arm-none-eabi/7.3.1/thumb/v7e-m/fpv4-sp/hard/crtn.o
                0x0800adf8                . = ALIGN (0x8)
 *fill*         0x0800adf4        0x4 
                0x0800adf8                _etext = .

.vfp11_veneer   0x0800adf8        0x0
 .vfp11_veneer  0x0800adf8        0x0 linker stubs

.v4_bx          0x0800adf8        0x0
 .v4_bx         0x0800adf8        0x0 linker stubs

.iplt           0x0800adf8        0x0
 .iplt          0x0800adf8        0x0 c:/ac6/systemworkbench/plugins/fr.ac6.mcu.externaltools.arm-none.win32_1.17.0.201812190825/tools/compiler/bin/../lib/gcc/arm-none-eabi/7.3.1/thumb/v7e-m/fpv4-sp/hard/crtbegin.o

.rodata         0x0800adf8       0x48
                0x0800adf8                . = ALIGN (0x8)
 *(.rodata)
 .rodata        0x0800adf8       0x48 Src/system_stm32l4xx.o
                0x0800adf8                MSIRangeTable
                0x0800ae28                AHBPrescTable
                0x0800ae38                APBPrescTable
 *(.rodata*)
                0x0800ae40                . = ALIGN (0x8)

.ARM.extab      0x0800ae40        0x0
                0x0800ae40                . = ALIGN (0x8)
 *(.ARM.extab* .gnu.linkonce.armextab.*)
                0x0800ae40                . = ALIGN (0x8)

.ARM            0x0800ae40        0x8
                0x0800ae40                . = ALIGN (0x8)
                0x0800ae40                __exidx_start = .
 *(.ARM.exidx*)
 .ARM.exidx     0x0800ae40        0x8 c:/ac6/systemworkbench/plugins/fr.ac6.mcu.externaltools.arm-none.win32_1.17.0.201812190825/tools/compiler/bin/../lib/gcc/arm-none-eabi/7.3.1/thumb/v7e-m/fpv4-sp/hard\libgcc.a(_udivmoddi4.o)
                0x0800ae48                __exidx_end = .
                0x0800ae48                . = ALIGN (0x8)

.rel.dyn        0x0800ae48        0x0
 .rel.iplt      0x0800ae48        0x0 c:/ac6/systemworkbench/plugins/fr.ac6.mcu.externaltools.arm-none.win32_1.17.0.201812190825/tools/compiler/bin/../lib/gcc/arm-none-eabi/7.3.1/thumb/v7e-m/fpv4-sp/hard/crtbegin.o

.preinit_array  0x0800ae48        0x0
                0x0800ae48                . = ALIGN (0x8)
                0x0800ae48                PROVIDE (__preinit_array_start = .)
 *(.preinit_array*)
                0x0800ae48                PROVIDE (__preinit_array_end = .)
                0x0800ae48                . = ALIGN (0x8)

.init_array     0x0800ae48        0x8
                0x0800ae48                . = ALIGN (0x8)
                0x0800ae48                PROVIDE (__init_array_start = .)
 *(SORT_BY_NAME(.init_array.*))
 *(.init_array*)
 .init_array    0x0800ae48        0x4 c:/ac6/systemworkbench/plugins/fr.ac6.mcu.externaltools.arm-none.win32_1.17.0.201812190825/tools/compiler/bin/../lib/gcc/arm-none-eabi/7.3.1/thumb/v7e-m/fpv4-sp/hard/crtbegin.o
                0x0800ae4c                PROVIDE (__init_array_end = .)
                0x0800ae50                . = ALIGN (0x8)
 *fill*         0x0800ae4c        0x4 

.fini_array     0x0800ae50        0x8
                0x0800ae50                . = ALIGN (0x8)
                [!provide]                PROVIDE (__fini_array_start = .)
 *(SORT_BY_NAME(.fini_array.*))
 *(.fini_array*)
 .fini_array    0x0800ae50        0x4 c:/ac6/systemworkbench/plugins/fr.ac6.mcu.externaltools.arm-none.win32_1.17.0.201812190825/tools/compiler/bin/../lib/gcc/arm-none-eabi/7.3.1/thumb/v7e-m/fpv4-sp/hard/crtbegin.o
                [!provide]                PROVIDE (__fini_array_end = .)
                0x0800ae58                . = ALIGN (0x8)
 *fill*         0x0800ae54        0x4 
                0x0800ae58                _sidata = LOADADDR (.data)

.data           0x20000000      0x168 load address 0x0800ae58
                0x20000000                . = ALIGN (0x8)
                0x20000000                _sdata = .
 *(.data)
 .data          0x20000000        0x8 Drivers/STM32L4xx_HAL_Driver/Src/stm32l4xx_hal.o
                0x20000000                uwTickFreq
                0x20000004                uwTickPrio
 .data          0x20000008        0x2 Src/hist.o
                0x20000008                max_diff
 *fill*         0x2000000a        0x2 
 .data          0x2000000c       0x10 Src/pid_DOPLER_FREQ.o
                0x2000000c                DOPLER_FREQ_factorKi
                0x20000010                DOPLER_FREQ_rangeMax
                0x20000014                DOPLER_FREQ_rangeMin
                0x20000018                DOPLER_FREQ_factorKp
 .data          0x2000001c       0x10 Src/pid_MICROWAVE.o
                0x2000001c                MICROWAVE_factorKi
                0x20000020                MICROWAVE_rangeMax
                0x20000024                MICROWAVE_rangeMin
                0x20000028                MICROWAVE_factorKp
 .data          0x2000002c        0xc Src/pid_cell.o
                0x2000002c                CELL_factorKi
                0x20000030                CELL_rangeMax
                0x20000034                CELL_factorKp
 .data          0x20000038       0x10 Src/pid_dopler_crnt.o
                0x20000038                DOPLER_CRNT_factorKi
                0x2000003c                DOPLER_CRNT_rangeMax
                0x20000040                DOPLER_CRNT_rangeMin
                0x20000044                DOPLER_CRNT_factorKp
 .data          0x20000048       0x10 Src/pid_dopler_tec.o
                0x20000048                DOPLER_TEC_factorKi
                0x2000004c                DOPLER_TEC_rangeMax
                0x20000050                DOPLER_TEC_rangeMin
                0x20000054                DOPLER_TEC_factorKp
 .data          0x20000058       0x10 Src/pid_freq.o
                0x20000058                FREQ_factorKi
                0x2000005c                FREQ_rangeMax
                0x20000060                FREQ_rangeMin
                0x20000064                FREQ_factorKp
 .data          0x20000068       0x10 Src/pid_optics_pwr.o
                0x20000068                OPTICS_PWR_factorKi
                0x2000006c                OPTICS_PWR_rangeMax
                0x20000070                OPTICS_PWR_rangeMin
                0x20000074                OPTICS_PWR_factorKp
 .data          0x20000078       0x10 Src/pid_tec_ctrl.o
                0x20000078                TECCTRL_factorKi
                0x2000007c                TECCTRL_rangeMax
                0x20000080                TECCTRL_rangeMin
                0x20000084                TECCTRL_factorKp
 .data          0x20000088        0x4 Src/system_stm32l4xx.o
                0x20000088                SystemCoreClock
 .data          0x2000008c       0xdc Src/var.o
                0x2000008c                byteUSART
                0x20000090                count_OUT1_CPT_FREQ
                0x20000094                step_Freq_GNSS
                0x20000098                flagUpdateCompute_FREQ_GNSS
                0x2000009c                count_OUT2_CPT_FREQ
                0x200000a0                count_OUT2_CPT_CRNT
                0x200000a4                count_OUT1_CPT_CRNT
                0x200000a8                count_OUT1_DOPLER_CRNT
                0x200000ac                count_SD2
                0x200000b0                count_OUT_0R
                0x200000b4                count_OUT_2R
                0x200000b8                count_OUT_3R
                0x200000bc                count_SD1
                0x200000c0                count_CONTR
                0x200000c4                count_OUT_1R
                0x200000c8                count_OUT_DC
                0x200000cc                MOD_CRNT_width
                0x200000d0                my_dat_2
                0x200000d4                my_dat_1
                0x200000d8                value_N_STEP_L
                0x200000dc                levelValueSensor_TempCell
                0x200000e0                levelTemp_D_CELL
                0x200000e4                levelTemp_CELL
                0x200000e8                timeLoopPID_MICROWAVE
                0x200000ec                timeLoopPID_TEC_CTRL
                0x200000f0                sigmaPID_CTRL
                0x200000f4                level_CONTR
                0x200000f8                statusLoopPID
                0x200000fc                itemOptionLMX
                0x20000100                LMX_ShiftFreq
                0x20000104                LMX_ValueFD
                0x20000108                LMX_ValueFN
                0x2000010c                LMX_ValueN
                0x20000110                scanMax_UT2A
                0x20000114                scanStep_UT2A
                0x20000118                scanMax_VY
                0x2000011c                scanMin_VY
                0x20000120                scanStep_VY
                0x20000124                fixValue_UT1A
                0x20000128                fixValue_U2R
                0x2000012c                fixValue_VY
                0x20000130                value_OutFactor
                0x20000134                value_RFI
                0x20000138                value_DTX
                0x2000013c                value_L1
                0x20000140                value_VT1
                0x20000144                value_U2R_D
                0x20000148                value_U2R
                0x2000014c                value_VY
                0x20000150                value_UT2A
                0x20000154                value_UT1A
                0x20000158                my_alarm
                0x2000015c                var_my_ADC2
                0x20000160                itemWork
                0x20000164                ID_keyTest
 *(.data*)
                0x20000168                . = ALIGN (0x8)
                0x20000168                _edata = .

.igot.plt       0x20000168        0x0 load address 0x0800afc0
 .igot.plt      0x20000168        0x0 c:/ac6/systemworkbench/plugins/fr.ac6.mcu.externaltools.arm-none.win32_1.17.0.201812190825/tools/compiler/bin/../lib/gcc/arm-none-eabi/7.3.1/thumb/v7e-m/fpv4-sp/hard/crtbegin.o
                0x20000168                . = ALIGN (0x4)

.bss            0x20000168     0x7e44 load address 0x0800afc0
                0x20000168                _sbss = .
                0x20000168                __bss_start__ = _sbss
 *(.bss)
 .bss           0x20000168       0x1c c:/ac6/systemworkbench/plugins/fr.ac6.mcu.externaltools.arm-none.win32_1.17.0.201812190825/tools/compiler/bin/../lib/gcc/arm-none-eabi/7.3.1/thumb/v7e-m/fpv4-sp/hard/crtbegin.o
 .bss           0x20000184        0x4 Src/adc.o
 .bss           0x20000188       0x14 Src/hist.o
                0x20000188                flagHist
                0x2000018c                no
                0x20000190                num_sec_Hist
                0x20000194                b_buf_HIST
                0x20000198                numPosHist
 .bss           0x2000019c       0x10 Src/interface_AD5668.o
 .bss           0x200001ac       0x10 Src/main.o
 .bss           0x200001bc       0x20 Src/pid_DOPLER_FREQ.o
                0x200001bc                DOPLER_FREQ_valueP
                0x200001c0                DOPLER_FREQ_valueI
                0x200001c4                DOPLER_FREQ_valueD
                0x200001c8                DOPLER_FREQ_valueS
                0x200001cc                DOPLER_FREQ_nowValue
                0x200001d0                DOPLER_FREQ_backValue
                0x200001d4                DOPLER_FREQ_flagRun
                0x200001d8                DOPLER_FREQ_factorKd
 .bss           0x200001dc       0x20 Src/pid_MICROWAVE.o
                0x200001dc                MICROWAVE_valueP
                0x200001e0                MICROWAVE_valueI
                0x200001e4                MICROWAVE_valueD
                0x200001e8                MICROWAVE_valueS
                0x200001ec                MICROWAVE_nowValue
                0x200001f0                MICROWAVE_backValue
                0x200001f4                MICROWAVE_flagRun
                0x200001f8                MICROWAVE_factorKd
 .bss           0x200001fc       0x24 Src/pid_cell.o
                0x200001fc                CELL_valueP
                0x20000200                CELL_valueI
                0x20000204                CELL_valueD
                0x20000208                CELL_valueS
                0x2000020c                CELL_nowValue
                0x20000210                CELL_backValue
                0x20000214                CELL_flagRun
                0x20000218                CELL_rangeMin
                0x2000021c                CELL_factorKd
 .bss           0x20000220       0x20 Src/pid_dopler_crnt.o
                0x20000220                DOPLER_CRNT_valueP
                0x20000224                DOPLER_CRNT_valueI
                0x20000228                DOPLER_CRNT_valueD
                0x2000022c                DOPLER_CRNT_valueS
                0x20000230                DOPLER_CRNT_nowValue
                0x20000234                DOPLER_CRNT_backValue
                0x20000238                DOPLER_CRNT_flagRun
                0x2000023c                DOPLER_CRNT_factorKd
 .bss           0x20000240       0x20 Src/pid_dopler_tec.o
                0x20000240                DOPLER_TEC_valueP
                0x20000244                DOPLER_TEC_valueI
                0x20000248                DOPLER_TEC_valueD
                0x2000024c                DOPLER_TEC_valueS
                0x20000250                DOPLER_TEC_nowValue
                0x20000254                DOPLER_TEC_backValue
                0x20000258                DOPLER_TEC_flagRun
                0x2000025c                DOPLER_TEC_factorKd
 .bss           0x20000260       0x20 Src/pid_freq.o
                0x20000260                FREQ_valueP
                0x20000264                FREQ_valueI
                0x20000268                FREQ_valueD
                0x2000026c                FREQ_valueS
                0x20000270                FREQ_nowValue
                0x20000274                FREQ_backValue
                0x20000278                FREQ_flagRun
                0x2000027c                FREQ_factorKd
 .bss           0x20000280       0x20 Src/pid_optics_pwr.o
                0x20000280                OPTICS_PWR_valueP
                0x20000284                OPTICS_PWR_valueI
                0x20000288                OPTICS_PWR_valueD
                0x2000028c                OPTICS_PWR_valueS
                0x20000290                OPTICS_PWR_nowValue
                0x20000294                OPTICS_PWR_backValue
                0x20000298                OPTICS_PWR_flagRun
                0x2000029c                OPTICS_PWR_factorKd
 .bss           0x200002a0       0x20 Src/pid_tec_ctrl.o
                0x200002a0                TECCTRL_valueP
                0x200002a4                TECCTRL_valueI
                0x200002a8                TECCTRL_valueD
                0x200002ac                TECCTRL_valueS
                0x200002b0                TECCTRL_nowValue
                0x200002b4                TECCTRL_backValue
                0x200002b8                TECCTRL_flagRun
                0x200002bc                TECCTRL_factorKd
 .bss           0x200002c0      0x1c4 Src/stm32l4xx_it.o
 .bss           0x20000484      0x161 Src/usart_protocol.o
 *fill*         0x200005e5        0x3 
 .bss           0x200005e8      0x660 Src/var.o
                0x200005e8                cmdID
                0x200005ec                lengthBufferCmd
                0x200005ee                USART_rx_buffer_overflow
                0x200005f0                USART_rx_rd_index
                0x200005f2                USART_rx_wr_index
                0x200005f4                USART_rx_count
                0x200005f6                USART_tx_buffer_overflow
                0x200005f8                USART_tx_rd_index
                0x200005fa                USART_tx_wr_index
                0x200005fc                USART_tx_count
                0x20000600                DEBUG_item_VT1
                0x20000604                DEBUG_item_RFI
                0x20000608                DEBUG_item_DTX
                0x2000060c                DEBUG_item_VY
                0x20000610                DEBUG_maxDWT3
                0x20000614                DEBUG_maxDWT2
                0x20000618                DEBUG_maxDWT1
                0x2000061c                fixValue_CPT_FREQ
                0x20000620                result_OUT1_CPT_FREQ
                0x20000638                flagUpdateCompute_OUT1_CPT_FREQ
                0x2000063c                index_OUT1_CPT_FREQ
                0x20000640                sum_OUT1_CPT_FREQ
                0x20000658                shift_Freq_GNSS_I
                0x2000065c                shift_Freq_GNSS
                0x20000660                shift_Lin_Freq
                0x20000664                b_Start_Shift_Freq
                0x20000668                shift_OUT2_FREQ
                0x2000066c                result_OUT2_CPT_FREQ_CPT
                0x20000670                result_OUT2_CPT_FREQ
                0x20000688                flagStartCompute_FREQ_GNSS
                0x20000689                flagUpdateCompute_OUT2_CPT_FREQ
                0x2000068c                index_OUT2_CPT_FREQ
                0x20000690                sum_OUT2_CPT_FREQ
                0x200006a8                delta_DOPLER_DC
                0x200006ac                result_OUT2_CPT_CRNT_DOPLER
                0x200006b0                result_OUT2_CRNT_2
                0x200006c4                result_OUT2_CPT_CRNT
                0x200006d8                result_OUT1_CPT_CRNT_DOPLER
                0x200006dc                result_OUT1_CRNT_2
                0x200006f0                result_OUT1_CPT_CRNT
                0x20000704                flagUpdateCompute_OUT2_CPT_CRNT
                0x20000708                index_OUT2_CPT_CRNT
                0x2000070c                index_OUT1_CPT_CRNT
                0x20000710                sum_OUT2_CRNT_2
                0x20000724                sum_OUT1_CRNT_2
                0x20000738                sum_OUT2_CPT_CRNT
                0x2000074c                sum_OUT1_CPT_CRNT
                0x20000760                fixValue_OUT1_DOPLER_CRNT
                0x20000764                result_OUT1_DOPLER_CRNT
                0x20000768                flagUpdateCompute_OUT1_DOPLER_CRNT
                0x2000076c                sum_OUT1_DOPLER_CRNT
                0x20000774                shift_OUT2_DOPLER_CRNT
                0x20000778                fixValue_OUT2_CPT
                0x2000077c                flagUpdateCompute_OUT2_CPT
                0x20000780                index_SD2
                0x20000784                index_OUT_0R
                0x20000788                index_OUT_2R
                0x2000078c                index_OUT_3R
                0x20000790                index_SD1
                0x20000794                index_CONTR
                0x20000798                index_OUT_DC
                0x2000079c                avrResult_OUT_0RN
                0x200007a0                avrResult_OUT2_DC
                0x200007a4                avrResult_SD2
                0x200007a8                avrResult_OUT_0R_
                0x200007ac                avrResult_OUT_0R
                0x200007b0                avrResult_OUT_2R
                0x200007b4                startResult_OUT_3R
                0x200007b8                avrResult_OUT_3R
                0x200007bc                avrResult_SD1_
                0x200007c0                avrResult_SD1
                0x200007c4                avrResult_CONTR
                0x200007c8                avrResult_OUT_1R
                0x200007cc                avrResult_OUT_DC
                0x200007d0                fix_avrResult_OUT_DC
                0x200007d4                p_sum_OUT_3R
                0x200007d8                p_sum_SD1
                0x200007dc                p_sum_CONTR
                0x200007e0                p_sum_OUT_1R
                0x200007e4                p_sum_OUT_DC
                0x200007e8                rez_OUT_2R
                0x200007ec                sum_OUT_0RN
                0x200007f0                sum_OUT_2RN
                0x200007f4                sum_SD2_
                0x200007f8                sum_OUT_0R_
                0x200007fc                sum_OUT_2R_
                0x20000800                sum_SD2
                0x20000804                sum_OUT_0R
                0x20000808                sum_OUT_2R
                0x2000080c                sum_OUT_3R
                0x20000810                sum_SD1
                0x20000814                sum_CONTR
                0x20000818                sum_OUT_DC
                0x2000081c                itemMOD_FREQ
                0x20000820                itemMOD_CRNT
                0x20000824                itemPartResultDMA2_ADC2
                0x20000825                itemPartResultDMA1_ADC1
                0x20000828                sum_ampl_Data_F1_F2_
                0x2000082c                sum_ampl_Data_F2_
                0x20000830                sum_ampl_Data_F1_
                0x20000834                sum_ampl_Data_F0_
                0x20000838                numPos
                0x2000083c                pkgPos
                0x20000840                num_corr_TEST_ADC_2
                0x20000844                corr_TEST_ADC_2
                0x20000848                corr_12_TEST_ADC_2
                0x2000084c                corr_2_TEST_ADC_2
                0x20000850                corr_1_TEST_ADC_2
                0x20000854                b_buf_TEST_ADC_2
                0x20000855                b_buf_TEST_ADC_3
                0x20000856                b_F2F1_rezult
                0x20000858                my_DMA2_tst_Data
                0x20000b28                resultAverage_SENSOR_TempCell
                0x20000b2c                tickDelayUpdateTempCell
                0x20000b30                TempCellIsCorrect
                0x20000b34                value_Temp_D_Cell
                0x20000b38                value_TempCell
                0x20000b3c                iT__n
                0x20000b40                iT4__
                0x20000b44                iT3__
                0x20000b48                iT2__
                0x20000b4c                iT1__
                0x20000b50                iF0
                0x20000b54                b_eq
                0x20000b55                b_MESSAGE
                0x20000b58                f_MESSAGE_3
                0x20000b5c                f_MESSAGE_2
                0x20000b60                i_MESSAGE_3
                0x20000b64                i_MESSAGE_2
                0x20000b68                i_MESSAGE_1
                0x20000b6c                value_mult_To_FREQ
                0x20000b70                resultTemp_D_CELL
                0x20000b74                resultTemp_CELL
                0x20000b78                resultDOPLER_FREQ
                0x20000b7c                resultMICROWAVE
                0x20000b80                resultTec
                0x20000b84                isLoopPID_MICROWAVE
                0x20000b85                isLoopPID_TEC_CTRL
                0x20000b88                countLoopPID_TEC_CTRL
                0x20000b8c                fixValue_OUT2_DOPLER_TEC
                0x20000b90                fixValue_OUT2_DOPLER_CRNT
                0x20000b94                result_OUT1_OPTICS_PWR
                0x20000b98                result_OUT2_DOPLER_TEC
                0x20000b9c                result_OUT2_DOPLER_CRNT
                0x20000ba0                flagUpdateTempCell
                0x20000ba1                flagUpdateCompute_CELL
                0x20000ba2                flagProcess_OUT1_OPTICS_PWR
                0x20000ba3                flagUpdateCompute_OUT1_OPTICS_PWR
                0x20000ba4                flagUpdateCompute_OUT2_DOPLER_TEC
                0x20000ba5                flag_SCAN_CRNT
                0x20000ba6                flagUpdateCompute_OUT2_DOPLER_CRNT
                0x20000ba7                flagProcess_DOPLER_FREQ
                0x20000ba8                flagUpdateCompute_DOPLER_FREQ
                0x20000ba9                flagProcess_MICROWAVE
                0x20000baa                flagUpdateCompute_MICROWAVE
                0x20000bab                flagUpdateCompute_TEC_CTRL
                0x20000bac                LMX_ValueINT
                0x20000bb0                b_PID_FLAG_LOOP_SENSOR_TEMP_CELL
                0x20000bb1                b_PID_FLAG_LOOP_CELL
                0x20000bb4                scanMin_UT2A
                0x20000bb8                fixValue_T5
                0x20000bbc                fixValue_DOPLER_FREQ
                0x20000bc0                fixValue_MICROWAVE
                0x20000bc4                fixValue_TEC_CTRL
                0x20000bc8                ticsDelayUpdateTempCell
                0x20000bcc                flagConnectedTempSensor
                0x20000bcd                flagUpdate_LMX2486
                0x20000bce                flagUpdate_OutFactor
                0x20000bcf                flagUpdate_RFI
                0x20000bd0                flagUpdate_DTX
                0x20000bd1                flagUpdate_T5
                0x20000bd2                flagUpdate_L1
                0x20000bd3                flagUpdate_VT1
                0x20000bd4                flagUpdate_U2R
                0x20000bd5                flagUpdate_VY
                0x20000bd6                flagUpdate_UT2A
                0x20000bd7                flagUpdate_UT1A
                0x20000bd8                value_DTX_rez
                0x20000bdc                value_DTX_aver
                0x20000be0                value__T5
                0x20000be4                value_T5
                0x20000be8                value_VY_rez
                0x20000bec                value_VY_aver
                0x20000bf0                value_UT1A_rez
                0x20000bf4                value_UT1A_aver
                0x20000bf8                F1F2_rezult_N_900
                0x20000bfc                F1F2_rezult_N_30
                0x20000c00                F1F2_rezult_A_900
                0x20000c04                F1F2_rezult_A_30
                0x20000c08                F1F2_rezult_A
                0x20000c0c                F1F2_rezult_X
                0x20000c10                F2F1_rezult_N_900
                0x20000c14                F2F1_rezult_N_30
                0x20000c18                F2F1_rezult_A_900
                0x20000c1c                F2F1_rezult_A_30
                0x20000c20                F2F1_rezult_A
                0x20000c24                F2F1_rezult_X
                0x20000c28                my_LSM303D_Temperature
                0x20000c2a                b_TIM4
                0x20000c2c                num_TIM4
                0x20000c30                my_Tick
                0x20000c34                my_ms_num
                0x20000c38                b_my_ms_num
                0x20000c3c                avrResult_SD1_start
                0x20000c40                bCompFreqTK_1
                0x20000c41                bCompFreqTK
                0x20000c44                my_TST
 *(.bss*)
 *(COMMON)
 COMMON         0x20000c48        0x4 Drivers/STM32L4xx_HAL_Driver/Src/stm32l4xx_hal.o
                0x20000c48                uwTick
 COMMON         0x20000c4c      0x158 Src/adc.o
                0x20000c4c                hadc2
                0x20000cb0                hadc1
                0x20000d14                hdma_adc1
                0x20000d5c                hdma_adc2
 COMMON         0x20000da4       0x14 Src/dac.o
                0x20000da4                hdac1
 COMMON         0x20000db8     0x15ee Src/hist.o
                0x20000db8                tmp
                0x20000dbc                rez_cell
                0x200010dc                step_diff
                0x200010de                maxfreq
                0x200010e0                p_diff
                0x200010e4                cell
                0x20001404                diff
                0x200023a4                minfreq
 *fill*         0x200023a6        0x2 
 COMMON         0x200023a8       0x4c Src/i2c.o
                0x200023a8                hi2c3
 COMMON         0x200023f4      0x12c Src/spi.o
                0x200023f4                hspi2
                0x20002458                hspi3
                0x200024bc                hspi1
 COMMON         0x20002520      0x180 Src/tim.o
                0x20002520                htim8
                0x20002560                htim4
                0x200025a0                htim17
                0x200025e0                htim3
                0x20002620                htim1
                0x20002660                htim2
 COMMON         0x200026a0       0x80 Src/usart.o
                0x200026a0                huart3
 COMMON         0x20002720     0x588c Src/var.o
                0x20002720                my_F2F1_P_rez
                0x20002738                LMX_DataValueFD
                0x20002b38                result_OUT2_CPT_FREQ_CPT_tmp
                0x20002b3c                min_Data_F0_
                0x20002b40                value_TC
                0x20002b44                F1F2_P_S
                0x20002b48                my_DMA2_Data_F0_
                0x20002ca8                F2F1_rezult_2
                0x20002cc0                F1F2_OUT1_rezult
                0x20002cd4                p_my_F2F1_rez_
                0x20002cd8                max_Data_F1_
                0x20002cdc                my_F1F2_sum
                0x20002cf0                value_STEP_L
                0x20002cf4                p_my_DMA2_Data_
                0x20002cf8                p_my_F1F2_OUT1_sum
                0x20002cfc                max_Data_F2_
                0x20002d00                my_F1F2_P_sum
                0x20002d14                USART_tx_buffer
                0x20002e14                SD1_d
                0x20002e18                value_FAZA_F
                0x20002e1c                result_OUT2_CPT_CRNT_DOPLER_tmp
                0x20002e20                my_DMA2_Data_F1
                0x20002f10                F1F2_P_rezult
                0x20002f24                my_F0_sum_
                0x20002f28                my_DMA2_Data_
                0x200031f8                I2C3_RxBuffer
                0x20003208                p_my_DMA2_Data_F0_
                0x2000320c                resultData_CONTR
                0x200035cc                F1F2_rezult
                0x200035e0                F2F1_rezult_1
                0x200035f8                pDataDMA2
                0x200035fc                my_F1F2_P_rez
                0x20003610                my_DMA2_Data_F2_
                0x2000373c                value_D_TC
                0x20003740                p_my_DMA2_Data_F1_
                0x20003744                resultData_OUT_3R
                0x20003b04                BufferDataPack
                0x20003b14                min_Data_F1_
                0x20003b18                my_F0_sum
                0x20003b20                my_DMA2_Data
                0x20003df0                my_F2F1_P_sum
                0x20003e08                BufferMsg
                0x20003f08                rez_ampl_Data_F2_
                0x20003f0c                pDataDMA1
                0x20003f10                DMA2_Data
                0x200044b0                my_F1F2_rez_
                0x200044c8                my_DMA2_Data_F1_F2_
                0x200045b8                min_Data_F2_
                0x200045bc                value_FAZA_L
                0x200045c0                F2F1_rezult_D
                0x200045d8                rez_ampl_Data_F1_F2_
                0x200045dc                rez_ampl_Data_F1_
                0x200045e0                LMX_DataValueFN
                0x200049e0                F2F1_rezult_
                0x200049f8                resultData_OUT_0R
                0x20004db8                resultData_SD2
                0x20005178                buf_TEST_ADC_3
                0x20006438                my_DMA2_Data_F1_F2
                0x20006528                p_my_DMA2_Data_F2_
                0x2000652c                I2C3_TxBuffer
                0x2000653c                F1F2_rezult_
                0x20006550                my_F2F1_sum_
                0x20006568                p_my_F1F2_sum
                0x2000656c                my_F2F1_rez_
                0x20006584                F2F1_rezult
                0x2000659c                resultData_OUT_2R
                0x20006960                my_DMA2_Data_F0
                0x20006ac0                my_DMA2_Data_F1_
                0x20006bb0                min_Data_F1_F2_
                0x20006bb4                DMA1_Data
                0x20007334                my_TST_U32
                0x20007338                LSM303_BufferRx
                0x20007348                UART_RxBuffer
                0x20007448                my_F1F2_OUT1_sum
                0x2000745c                resultData_OUT_1R
                0x2000781c                my_F1F2_sum_
                0x20007830                p_my_F1F2_rez_
                0x20007834                rez_ampl_Data_F0_
                0x20007838                resultData_SD1
                0x20007bf8                UART_TxBuffer
                0x20007cf8                max_Data_F0_
                0x20007d00                my_DMA2_Data_F2
                0x20007e2c                LSM303_BufferTx
                0x20007e3c                p_my_DMA2_Data_F1_F2_
                0x20007e40                F2F1_P_rezult
                0x20007e58                USART_rx_buffer
                0x20007f58                max_Data_F1_F2_
                0x20007f5c                my_F2F1_sum
                0x20007f74                p_my_F2F1_sum
                0x20007f78                p_my_F2F1_sum_
                0x20007f7c                p_my_F1F2_sum_
                0x20007f80                my_F1F2_rez
                0x20007f94                my_F2F1_rez
                0x20007fac                . = ALIGN (0x4)
                0x20007fac                _ebss = .
                0x20007fac                __bss_end__ = _ebss

._user_heap_stack
                0x20007fac      0x604 load address 0x0800afc0
                0x20007fb0                . = ALIGN (0x8)
 *fill*         0x20007fac        0x4 
                0x20007fb0                PROVIDE (end = .)
                [!provide]                PROVIDE (_end = .)
                0x200081b0                . = (. + _Min_Heap_Size)
 *fill*         0x20007fb0      0x200 
                0x200085b0                . = (. + _Min_Stack_Size)
 *fill*         0x200081b0      0x400 
                0x200085b0                . = ALIGN (0x8)

/DISCARD/
 libc.a(*)
 libm.a(*)
 libgcc.a(*)

.ARM.attributes
                0x00000000       0x30
 *(.ARM.attributes)
 .ARM.attributes
                0x00000000       0x22 c:/ac6/systemworkbench/plugins/fr.ac6.mcu.externaltools.arm-none.win32_1.17.0.201812190825/tools/compiler/bin/../lib/gcc/arm-none-eabi/7.3.1/thumb/v7e-m/fpv4-sp/hard/crti.o
 .ARM.attributes
                0x00000022       0x34 c:/ac6/systemworkbench/plugins/fr.ac6.mcu.externaltools.arm-none.win32_1.17.0.201812190825/tools/compiler/bin/../lib/gcc/arm-none-eabi/7.3.1/thumb/v7e-m/fpv4-sp/hard/crtbegin.o
 .ARM.attributes
                0x00000056       0x39 Drivers/STM32L4xx_HAL_Driver/Src/stm32l4xx_hal.o
 .ARM.attributes
                0x0000008f       0x39 Drivers/STM32L4xx_HAL_Driver/Src/stm32l4xx_hal_adc.o
 .ARM.attributes
                0x000000c8       0x39 Drivers/STM32L4xx_HAL_Driver/Src/stm32l4xx_hal_adc_ex.o
 .ARM.attributes
                0x00000101       0x39 Drivers/STM32L4xx_HAL_Driver/Src/stm32l4xx_hal_cortex.o
 .ARM.attributes
                0x0000013a       0x39 Drivers/STM32L4xx_HAL_Driver/Src/stm32l4xx_hal_dac.o
 .ARM.attributes
                0x00000173       0x39 Drivers/STM32L4xx_HAL_Driver/Src/stm32l4xx_hal_dma.o
 .ARM.attributes
                0x000001ac       0x39 Drivers/STM32L4xx_HAL_Driver/Src/stm32l4xx_hal_gpio.o
 .ARM.attributes
                0x000001e5       0x39 Drivers/STM32L4xx_HAL_Driver/Src/stm32l4xx_hal_i2c.o
 .ARM.attributes
                0x0000021e       0x39 Drivers/STM32L4xx_HAL_Driver/Src/stm32l4xx_hal_i2c_ex.o
 .ARM.attributes
                0x00000257       0x39 Drivers/STM32L4xx_HAL_Driver/Src/stm32l4xx_hal_pwr_ex.o
 .ARM.attributes
                0x00000290       0x39 Drivers/STM32L4xx_HAL_Driver/Src/stm32l4xx_hal_rcc.o
 .ARM.attributes
                0x000002c9       0x39 Drivers/STM32L4xx_HAL_Driver/Src/stm32l4xx_hal_rcc_ex.o
 .ARM.attributes
                0x00000302       0x39 Drivers/STM32L4xx_HAL_Driver/Src/stm32l4xx_hal_spi.o
 .ARM.attributes
                0x0000033b       0x39 Drivers/STM32L4xx_HAL_Driver/Src/stm32l4xx_hal_tim.o
 .ARM.attributes
                0x00000374       0x39 Drivers/STM32L4xx_HAL_Driver/Src/stm32l4xx_hal_tim_ex.o
 .ARM.attributes
                0x000003ad       0x39 Drivers/STM32L4xx_HAL_Driver/Src/stm32l4xx_hal_uart.o
 .ARM.attributes
                0x000003e6       0x39 Src/LSM303D.o
 .ARM.attributes
                0x0000041f       0x39 Src/adc.o
 .ARM.attributes
                0x00000458       0x39 Src/dac.o
 .ARM.attributes
                0x00000491       0x39 Src/dma.o
 .ARM.attributes
                0x000004ca       0x39 Src/gpio.o
 .ARM.attributes
                0x00000503       0x39 Src/hist.o
 .ARM.attributes
                0x0000053c       0x39 Src/i2c.o
 .ARM.attributes
                0x00000575       0x39 Src/interface_AD5668.o
 .ARM.attributes
                0x000005ae       0x39 Src/interface_AD8400.o
 .ARM.attributes
                0x000005e7       0x39 Src/interface_ADT7410.o
 .ARM.attributes
                0x00000620       0x39 Src/interface_LMX2486.o
 .ARM.attributes
                0x00000659       0x39 Src/main.o
 .ARM.attributes
                0x00000692       0x25 Src/my_FUN.o
 .ARM.attributes
                0x000006b7       0x39 Src/my_FUN_.o
 .ARM.attributes
                0x000006f0       0x39 Src/pid_DOPLER_FREQ.o
 .ARM.attributes
                0x00000729       0x39 Src/pid_MICROWAVE.o
 .ARM.attributes
                0x00000762       0x39 Src/pid_cell.o
 .ARM.attributes
                0x0000079b       0x39 Src/pid_dopler_crnt.o
 .ARM.attributes
                0x000007d4       0x39 Src/pid_dopler_tec.o
 .ARM.attributes
                0x0000080d       0x39 Src/pid_freq.o
 .ARM.attributes
                0x00000846       0x39 Src/pid_optics_pwr.o
 .ARM.attributes
                0x0000087f       0x39 Src/pid_tec_ctrl.o
 .ARM.attributes
                0x000008b8       0x39 Src/spi.o
 .ARM.attributes
                0x000008f1       0x39 Src/stm32l4xx_hal_msp.o
 .ARM.attributes
                0x0000092a       0x39 Src/stm32l4xx_it.o
 .ARM.attributes
                0x00000963       0x39 Src/system_stm32l4xx.o
 .ARM.attributes
                0x0000099c       0x39 Src/tim.o
 .ARM.attributes
                0x000009d5       0x39 Src/usart.o
 .ARM.attributes
                0x00000a0e       0x39 Src/usart_protocol.o
 .ARM.attributes
                0x00000a47       0x39 Src/var.o
 .ARM.attributes
                0x00000a80       0x21 startup/startup_stm32l476xx.o
 .ARM.attributes
                0x00000aa1       0x22 c:/ac6/systemworkbench/plugins/fr.ac6.mcu.externaltools.arm-none.win32_1.17.0.201812190825/tools/compiler/bin/../lib/gcc/arm-none-eabi/7.3.1/thumb/v7e-m/fpv4-sp/hard\libgcc.a(_arm_addsubdf3.o)
 .ARM.attributes
                0x00000ac3       0x22 c:/ac6/systemworkbench/plugins/fr.ac6.mcu.externaltools.arm-none.win32_1.17.0.201812190825/tools/compiler/bin/../lib/gcc/arm-none-eabi/7.3.1/thumb/v7e-m/fpv4-sp/hard\libgcc.a(_arm_muldivdf3.o)
 .ARM.attributes
                0x00000ae5       0x22 c:/ac6/systemworkbench/plugins/fr.ac6.mcu.externaltools.arm-none.win32_1.17.0.201812190825/tools/compiler/bin/../lib/gcc/arm-none-eabi/7.3.1/thumb/v7e-m/fpv4-sp/hard\libgcc.a(_arm_truncdfsf2.o)
 .ARM.attributes
                0x00000b07       0x22 c:/ac6/systemworkbench/plugins/fr.ac6.mcu.externaltools.arm-none.win32_1.17.0.201812190825/tools/compiler/bin/../lib/gcc/arm-none-eabi/7.3.1/thumb/v7e-m/fpv4-sp/hard\libgcc.a(_aeabi_uldivmod.o)
 .ARM.attributes
                0x00000b29       0x34 c:/ac6/systemworkbench/plugins/fr.ac6.mcu.externaltools.arm-none.win32_1.17.0.201812190825/tools/compiler/bin/../lib/gcc/arm-none-eabi/7.3.1/thumb/v7e-m/fpv4-sp/hard\libgcc.a(_udivmoddi4.o)
 .ARM.attributes
                0x00000b5d       0x22 c:/ac6/systemworkbench/plugins/fr.ac6.mcu.externaltools.arm-none.win32_1.17.0.201812190825/tools/compiler/bin/../lib/gcc/arm-none-eabi/7.3.1/thumb/v7e-m/fpv4-sp/hard\libgcc.a(_dvmd_tls.o)
 .ARM.attributes
                0x00000b7f       0x34 c:/ac6/systemworkbench/plugins/fr.ac6.mcu.externaltools.arm-none.win32_1.17.0.201812190825/tools/compiler/bin/../lib/gcc/arm-none-eabi/7.3.1/../../../../arm-none-eabi/lib/thumb/v7e-m/fpv4-sp/hard\libc_nano.a(lib_a-init.o)
 .ARM.attributes
                0x00000bb3       0x34 c:/ac6/systemworkbench/plugins/fr.ac6.mcu.externaltools.arm-none.win32_1.17.0.201812190825/tools/compiler/bin/../lib/gcc/arm-none-eabi/7.3.1/../../../../arm-none-eabi/lib/thumb/v7e-m/fpv4-sp/hard\libc_nano.a(lib_a-memset.o)
 .ARM.attributes
                0x00000be7       0x22 c:/ac6/systemworkbench/plugins/fr.ac6.mcu.externaltools.arm-none.win32_1.17.0.201812190825/tools/compiler/bin/../lib/gcc/arm-none-eabi/7.3.1/thumb/v7e-m/fpv4-sp/hard/crtn.o
OUTPUT(cpt_m__ac6.elf elf32-littlearm)

.debug_info     0x00000000    0x39a90
 .debug_info    0x00000000      0xca2 Drivers/STM32L4xx_HAL_Driver/Src/stm32l4xx_hal.o
 .debug_info    0x00000ca2     0x2b66 Drivers/STM32L4xx_HAL_Driver/Src/stm32l4xx_hal_adc.o
 .debug_info    0x00003808     0x253b Drivers/STM32L4xx_HAL_Driver/Src/stm32l4xx_hal_adc_ex.o
 .debug_info    0x00005d43     0x10a0 Drivers/STM32L4xx_HAL_Driver/Src/stm32l4xx_hal_cortex.o
 .debug_info    0x00006de3      0xcee Drivers/STM32L4xx_HAL_Driver/Src/stm32l4xx_hal_dac.o
 .debug_info    0x00007ad1      0x956 Drivers/STM32L4xx_HAL_Driver/Src/stm32l4xx_hal_dma.o
 .debug_info    0x00008427      0x989 Drivers/STM32L4xx_HAL_Driver/Src/stm32l4xx_hal_gpio.o
 .debug_info    0x00008db0     0x3a04 Drivers/STM32L4xx_HAL_Driver/Src/stm32l4xx_hal_i2c.o
 .debug_info    0x0000c7b4      0xb4a Drivers/STM32L4xx_HAL_Driver/Src/stm32l4xx_hal_i2c_ex.o
 .debug_info    0x0000d2fe      0xb27 Drivers/STM32L4xx_HAL_Driver/Src/stm32l4xx_hal_pwr_ex.o
 .debug_info    0x0000de25      0xf2a Drivers/STM32L4xx_HAL_Driver/Src/stm32l4xx_hal_rcc.o
 .debug_info    0x0000ed4f     0x12a3 Drivers/STM32L4xx_HAL_Driver/Src/stm32l4xx_hal_rcc_ex.o
 .debug_info    0x0000fff2     0x1f36 Drivers/STM32L4xx_HAL_Driver/Src/stm32l4xx_hal_spi.o
 .debug_info    0x00011f28     0x33df Drivers/STM32L4xx_HAL_Driver/Src/stm32l4xx_hal_tim.o
 .debug_info    0x00015307     0x177b Drivers/STM32L4xx_HAL_Driver/Src/stm32l4xx_hal_tim_ex.o
 .debug_info    0x00016a82     0x1d7a Drivers/STM32L4xx_HAL_Driver/Src/stm32l4xx_hal_uart.o
 .debug_info    0x000187fc      0xb1c Src/LSM303D.o
 .debug_info    0x00019318     0x10d4 Src/adc.o
 .debug_info    0x0001a3ec      0xbc9 Src/dac.o
 .debug_info    0x0001afb5      0x770 Src/dma.o
 .debug_info    0x0001b725      0x7f5 Src/gpio.o
 .debug_info    0x0001bf1a     0x1815 Src/hist.o
 .debug_info    0x0001d72f      0xc35 Src/i2c.o
 .debug_info    0x0001e364      0x652 Src/interface_AD5668.o
 .debug_info    0x0001e9b6      0x474 Src/interface_AD8400.o
 .debug_info    0x0001ee2a     0x1cab Src/interface_ADT7410.o
 .debug_info    0x00020ad5     0x1e21 Src/interface_LMX2486.o
 .debug_info    0x000228f6     0x43ae Src/main.o
 .debug_info    0x00026ca4       0x26 Src/my_FUN.o
 .debug_info    0x00026cca     0x18ca Src/my_FUN_.o
 .debug_info    0x00028594     0x1806 Src/pid_DOPLER_FREQ.o
 .debug_info    0x00029d9a     0x1806 Src/pid_MICROWAVE.o
 .debug_info    0x0002b5a0      0x13e Src/pid_cell.o
 .debug_info    0x0002b6de      0x13e Src/pid_dopler_crnt.o
 .debug_info    0x0002b81c      0x13e Src/pid_dopler_tec.o
 .debug_info    0x0002b95a      0x13e Src/pid_freq.o
 .debug_info    0x0002ba98     0x1806 Src/pid_optics_pwr.o
 .debug_info    0x0002d29e      0x13e Src/pid_tec_ctrl.o
 .debug_info    0x0002d3dc      0xcf3 Src/spi.o
 .debug_info    0x0002e0cf      0x4c8 Src/stm32l4xx_hal_msp.o
 .debug_info    0x0002e597     0x366b Src/stm32l4xx_it.o
 .debug_info    0x00031c02      0x6fc Src/system_stm32l4xx.o
 .debug_info    0x000322fe     0x1988 Src/tim.o
 .debug_info    0x00033c86      0xe9b Src/usart.o
 .debug_info    0x00034b21     0x2528 Src/usart_protocol.o
 .debug_info    0x00037049     0x2a25 Src/var.o
 .debug_info    0x00039a6e       0x22 startup/startup_stm32l476xx.o

.debug_abbrev   0x00000000     0x4fe2
 .debug_abbrev  0x00000000      0x209 Drivers/STM32L4xx_HAL_Driver/Src/stm32l4xx_hal.o
 .debug_abbrev  0x00000209      0x294 Drivers/STM32L4xx_HAL_Driver/Src/stm32l4xx_hal_adc.o
 .debug_abbrev  0x0000049d      0x310 Drivers/STM32L4xx_HAL_Driver/Src/stm32l4xx_hal_adc_ex.o
 .debug_abbrev  0x000007ad      0x328 Drivers/STM32L4xx_HAL_Driver/Src/stm32l4xx_hal_cortex.o
 .debug_abbrev  0x00000ad5      0x1eb Drivers/STM32L4xx_HAL_Driver/Src/stm32l4xx_hal_dac.o
 .debug_abbrev  0x00000cc0      0x233 Drivers/STM32L4xx_HAL_Driver/Src/stm32l4xx_hal_dma.o
 .debug_abbrev  0x00000ef3      0x1de Drivers/STM32L4xx_HAL_Driver/Src/stm32l4xx_hal_gpio.o
 .debug_abbrev  0x000010d1      0x25d Drivers/STM32L4xx_HAL_Driver/Src/stm32l4xx_hal_i2c.o
 .debug_abbrev  0x0000132e      0x1b9 Drivers/STM32L4xx_HAL_Driver/Src/stm32l4xx_hal_i2c_ex.o
 .debug_abbrev  0x000014e7      0x1de Drivers/STM32L4xx_HAL_Driver/Src/stm32l4xx_hal_pwr_ex.o
 .debug_abbrev  0x000016c5      0x21f Drivers/STM32L4xx_HAL_Driver/Src/stm32l4xx_hal_rcc.o
 .debug_abbrev  0x000018e4      0x24c Drivers/STM32L4xx_HAL_Driver/Src/stm32l4xx_hal_rcc_ex.o
 .debug_abbrev  0x00001b30      0x238 Drivers/STM32L4xx_HAL_Driver/Src/stm32l4xx_hal_spi.o
 .debug_abbrev  0x00001d68      0x226 Drivers/STM32L4xx_HAL_Driver/Src/stm32l4xx_hal_tim.o
 .debug_abbrev  0x00001f8e      0x237 Drivers/STM32L4xx_HAL_Driver/Src/stm32l4xx_hal_tim_ex.o
 .debug_abbrev  0x000021c5      0x24d Drivers/STM32L4xx_HAL_Driver/Src/stm32l4xx_hal_uart.o
 .debug_abbrev  0x00002412      0x1da Src/LSM303D.o
 .debug_abbrev  0x000025ec      0x1f8 Src/adc.o
 .debug_abbrev  0x000027e4      0x1dc Src/dac.o
 .debug_abbrev  0x000029c0      0x15c Src/dma.o
 .debug_abbrev  0x00002b1c      0x162 Src/gpio.o
 .debug_abbrev  0x00002c7e      0x12d Src/hist.o
 .debug_abbrev  0x00002dab      0x1d4 Src/i2c.o
 .debug_abbrev  0x00002f7f      0x18f Src/interface_AD5668.o
 .debug_abbrev  0x0000310e      0x164 Src/interface_AD8400.o
 .debug_abbrev  0x00003272      0x1b0 Src/interface_ADT7410.o
 .debug_abbrev  0x00003422      0x1de Src/interface_LMX2486.o
 .debug_abbrev  0x00003600      0x397 Src/main.o
 .debug_abbrev  0x00003997       0x14 Src/my_FUN.o
 .debug_abbrev  0x000039ab      0x154 Src/my_FUN_.o
 .debug_abbrev  0x00003aff      0x14a Src/pid_DOPLER_FREQ.o
 .debug_abbrev  0x00003c49      0x14a Src/pid_MICROWAVE.o
 .debug_abbrev  0x00003d93       0x76 Src/pid_cell.o
 .debug_abbrev  0x00003e09       0x76 Src/pid_dopler_crnt.o
 .debug_abbrev  0x00003e7f       0x76 Src/pid_dopler_tec.o
 .debug_abbrev  0x00003ef5       0x76 Src/pid_freq.o
 .debug_abbrev  0x00003f6b      0x14a Src/pid_optics_pwr.o
 .debug_abbrev  0x000040b5       0x76 Src/pid_tec_ctrl.o
 .debug_abbrev  0x0000412b      0x1c9 Src/spi.o
 .debug_abbrev  0x000042f4      0x125 Src/stm32l4xx_hal_msp.o
 .debug_abbrev  0x00004419      0x324 Src/stm32l4xx_it.o
 .debug_abbrev  0x0000473d      0x150 Src/system_stm32l4xx.o
 .debug_abbrev  0x0000488d      0x21f Src/tim.o
 .debug_abbrev  0x00004aac      0x1d2 Src/usart.o
 .debug_abbrev  0x00004c7e      0x22f Src/usart_protocol.o
 .debug_abbrev  0x00004ead      0x123 Src/var.o
 .debug_abbrev  0x00004fd0       0x12 startup/startup_stm32l476xx.o

.debug_loc      0x00000000    0x16e04
 .debug_loc     0x00000000      0x1f1 Drivers/STM32L4xx_HAL_Driver/Src/stm32l4xx_hal.o
 .debug_loc     0x000001f1     0x1f33 Drivers/STM32L4xx_HAL_Driver/Src/stm32l4xx_hal_adc.o
 .debug_loc     0x00002124     0x1b2d Drivers/STM32L4xx_HAL_Driver/Src/stm32l4xx_hal_adc_ex.o
 .debug_loc     0x00003c51      0x5ce Drivers/STM32L4xx_HAL_Driver/Src/stm32l4xx_hal_cortex.o
 .debug_loc     0x0000421f      0x791 Drivers/STM32L4xx_HAL_Driver/Src/stm32l4xx_hal_dac.o
 .debug_loc     0x000049b0      0x7a2 Drivers/STM32L4xx_HAL_Driver/Src/stm32l4xx_hal_dma.o
 .debug_loc     0x00005152      0x2d3 Drivers/STM32L4xx_HAL_Driver/Src/stm32l4xx_hal_gpio.o
 .debug_loc     0x00005425     0x462f Drivers/STM32L4xx_HAL_Driver/Src/stm32l4xx_hal_i2c.o
 .debug_loc     0x00009a54      0x204 Drivers/STM32L4xx_HAL_Driver/Src/stm32l4xx_hal_i2c_ex.o
 .debug_loc     0x00009c58      0x960 Drivers/STM32L4xx_HAL_Driver/Src/stm32l4xx_hal_pwr_ex.o
 .debug_loc     0x0000a5b8      0x63a Drivers/STM32L4xx_HAL_Driver/Src/stm32l4xx_hal_rcc.o
 .debug_loc     0x0000abf2     0x1c00 Drivers/STM32L4xx_HAL_Driver/Src/stm32l4xx_hal_rcc_ex.o
 .debug_loc     0x0000c7f2     0x1a4c Drivers/STM32L4xx_HAL_Driver/Src/stm32l4xx_hal_spi.o
 .debug_loc     0x0000e23e     0x3b2d Drivers/STM32L4xx_HAL_Driver/Src/stm32l4xx_hal_tim.o
 .debug_loc     0x00011d6b     0x1947 Drivers/STM32L4xx_HAL_Driver/Src/stm32l4xx_hal_tim_ex.o